Archive member included to satisfy reference by file (symbol)

/opt/st/stm32cubeide_1.12.1_2/plugins/com.st.stm32cube.ide.mcu.externaltools.gnu-tools-for-stm32.10.3-2021.10.linux64_1.0.200.202301161003/tools/bin/../lib/gcc/arm-none-eabi/10.3.1/../../../../arm-none-eabi/lib/thumb/v7e-m+fp/hard/libc_nano.a(lib_a-errno.o)
                              ./Core/Src/syscalls.o (__errno)
/opt/st/stm32cubeide_1.12.1_2/plugins/com.st.stm32cube.ide.mcu.externaltools.gnu-tools-for-stm32.10.3-2021.10.linux64_1.0.200.202301161003/tools/bin/../lib/gcc/arm-none-eabi/10.3.1/../../../../arm-none-eabi/lib/thumb/v7e-m+fp/hard/libc_nano.a(lib_a-exit.o)
                              /opt/st/stm32cubeide_1.12.1_2/plugins/com.st.stm32cube.ide.mcu.externaltools.gnu-tools-for-stm32.10.3-2021.10.linux64_1.0.200.202301161003/tools/bin/../lib/gcc/arm-none-eabi/10.3.1/../../../../arm-none-eabi/lib/thumb/v7e-m+fp/hard/crt0.o (exit)
/opt/st/stm32cubeide_1.12.1_2/plugins/com.st.stm32cube.ide.mcu.externaltools.gnu-tools-for-stm32.10.3-2021.10.linux64_1.0.200.202301161003/tools/bin/../lib/gcc/arm-none-eabi/10.3.1/../../../../arm-none-eabi/lib/thumb/v7e-m+fp/hard/libc_nano.a(lib_a-impure.o)
                              /opt/st/stm32cubeide_1.12.1_2/plugins/com.st.stm32cube.ide.mcu.externaltools.gnu-tools-for-stm32.10.3-2021.10.linux64_1.0.200.202301161003/tools/bin/../lib/gcc/arm-none-eabi/10.3.1/../../../../arm-none-eabi/lib/thumb/v7e-m+fp/hard/libc_nano.a(lib_a-exit.o) (_global_impure_ptr)
/opt/st/stm32cubeide_1.12.1_2/plugins/com.st.stm32cube.ide.mcu.externaltools.gnu-tools-for-stm32.10.3-2021.10.linux64_1.0.200.202301161003/tools/bin/../lib/gcc/arm-none-eabi/10.3.1/../../../../arm-none-eabi/lib/thumb/v7e-m+fp/hard/libc_nano.a(lib_a-init.o)
                              /opt/st/stm32cubeide_1.12.1_2/plugins/com.st.stm32cube.ide.mcu.externaltools.gnu-tools-for-stm32.10.3-2021.10.linux64_1.0.200.202301161003/tools/bin/../lib/gcc/arm-none-eabi/10.3.1/../../../../arm-none-eabi/lib/thumb/v7e-m+fp/hard/crt0.o (__libc_init_array)
/opt/st/stm32cubeide_1.12.1_2/plugins/com.st.stm32cube.ide.mcu.externaltools.gnu-tools-for-stm32.10.3-2021.10.linux64_1.0.200.202301161003/tools/bin/../lib/gcc/arm-none-eabi/10.3.1/../../../../arm-none-eabi/lib/thumb/v7e-m+fp/hard/libc_nano.a(lib_a-memmove.o)
                              ./Core/Src/vesc_com.o (memmove)
/opt/st/stm32cubeide_1.12.1_2/plugins/com.st.stm32cube.ide.mcu.externaltools.gnu-tools-for-stm32.10.3-2021.10.linux64_1.0.200.202301161003/tools/bin/../lib/gcc/arm-none-eabi/10.3.1/../../../../arm-none-eabi/lib/thumb/v7e-m+fp/hard/libc_nano.a(lib_a-memset.o)
                              /opt/st/stm32cubeide_1.12.1_2/plugins/com.st.stm32cube.ide.mcu.externaltools.gnu-tools-for-stm32.10.3-2021.10.linux64_1.0.200.202301161003/tools/bin/../lib/gcc/arm-none-eabi/10.3.1/../../../../arm-none-eabi/lib/thumb/v7e-m+fp/hard/crt0.o (memset)
/opt/st/stm32cubeide_1.12.1_2/plugins/com.st.stm32cube.ide.mcu.externaltools.gnu-tools-for-stm32.10.3-2021.10.linux64_1.0.200.202301161003/tools/bin/../lib/gcc/arm-none-eabi/10.3.1/../../../../arm-none-eabi/lib/thumb/v7e-m+fp/hard/libc_nano.a(lib_a-nano-vfprintf_float.o)
                              (_printf_float)
/opt/st/stm32cubeide_1.12.1_2/plugins/com.st.stm32cube.ide.mcu.externaltools.gnu-tools-for-stm32.10.3-2021.10.linux64_1.0.200.202301161003/tools/bin/../lib/gcc/arm-none-eabi/10.3.1/../../../../arm-none-eabi/lib/thumb/v7e-m+fp/hard/libc_nano.a(lib_a-nano-vfprintf_i.o)
                              /opt/st/stm32cubeide_1.12.1_2/plugins/com.st.stm32cube.ide.mcu.externaltools.gnu-tools-for-stm32.10.3-2021.10.linux64_1.0.200.202301161003/tools/bin/../lib/gcc/arm-none-eabi/10.3.1/../../../../arm-none-eabi/lib/thumb/v7e-m+fp/hard/libc_nano.a(lib_a-nano-vfprintf_float.o) (_printf_common)
/opt/st/stm32cubeide_1.12.1_2/plugins/com.st.stm32cube.ide.mcu.externaltools.gnu-tools-for-stm32.10.3-2021.10.linux64_1.0.200.202301161003/tools/bin/../lib/gcc/arm-none-eabi/10.3.1/../../../../arm-none-eabi/lib/thumb/v7e-m+fp/hard/libc_nano.a(lib_a-sprintf.o)
                              ./Core/Src/main.o (sprintf)
/opt/st/stm32cubeide_1.12.1_2/plugins/com.st.stm32cube.ide.mcu.externaltools.gnu-tools-for-stm32.10.3-2021.10.linux64_1.0.200.202301161003/tools/bin/../lib/gcc/arm-none-eabi/10.3.1/../../../../arm-none-eabi/lib/thumb/v7e-m+fp/hard/libc_nano.a(lib_a-strlen.o)
                              ./Core/Src/main.o (strlen)
/opt/st/stm32cubeide_1.12.1_2/plugins/com.st.stm32cube.ide.mcu.externaltools.gnu-tools-for-stm32.10.3-2021.10.linux64_1.0.200.202301161003/tools/bin/../lib/gcc/arm-none-eabi/10.3.1/../../../../arm-none-eabi/lib/thumb/v7e-m+fp/hard/libc_nano.a(lib_a-dtoa.o)
                              /opt/st/stm32cubeide_1.12.1_2/plugins/com.st.stm32cube.ide.mcu.externaltools.gnu-tools-for-stm32.10.3-2021.10.linux64_1.0.200.202301161003/tools/bin/../lib/gcc/arm-none-eabi/10.3.1/../../../../arm-none-eabi/lib/thumb/v7e-m+fp/hard/libc_nano.a(lib_a-nano-vfprintf_float.o) (_dtoa_r)
[...]
Memory Configuration

Name             Origin             Length             Attributes
CCMRAM           0x0000000010000000 0x0000000000010000 xrw
RAM              0x0000000020000000 0x0000000000020000 xrw
FLASH            0x0000000008000000 0x0000000000100000 xr
*default*        0x0000000000000000 0xffffffffffffffff

Linker script and memory map

LOAD /opt/st/stm32cubeide_1.12.1_2/plugins/com.st.stm32cube.ide.mcu.externaltools.gnu-tools-for-stm32.10.3-2021.10.linux64_1.0.200.202301161003/tools/bin/../lib/gcc/arm-none-eabi/10.3.1/thumb/v7e-m+fp/hard/crti.o
LOAD /opt/st/stm32cubeide_1.12.1_2/plugins/com.st.stm32cube.ide.mcu.externaltools.gnu-tools-for-stm32.10.3-2021.10.linux64_1.0.200.202301161003/tools/bin/../lib/gcc/arm-none-eabi/10.3.1/thumb/v7e-m+fp/hard/crtbegin.o
LOAD /opt/st/stm32cubeide_1.12.1_2/plugins/com.st.stm32cube.ide.mcu.externaltools.gnu-tools-for-stm32.10.3-2021.10.linux64_1.0.200.202301161003/tools/bin/../lib/gcc/arm-none-eabi/10.3.1/../../../../arm-none-eabi/lib/thumb/v7e-m+fp/hard/crt0.o
LOAD ./Core/Src/buf.o
LOAD ./Core/Src/main.o
LOAD ./Core/Src/queue.o
LOAD ./Core/Src/stm32f4xx_hal_msp.o
LOAD ./Core/Src/stm32f4xx_it.o
LOAD ./Core/Src/syscalls.o
LOAD ./Core/Src/sysmem.o
LOAD ./Core/Src/system_stm32f4xx.o
LOAD ./Core/Src/vesc_com.o
LOAD ./Core/Src/vesc_current_reg.o
LOAD ./Core/Src/ctrl/kalman_filter.o
LOAD ./Core/Src/ctrl/regulator.o
LOAD ./Core/Startup/startup_stm32f405rgtx.o
LOAD ./Drivers/STM32F4xx_HAL_Driver/Src/stm32f4xx_hal.o
LOAD ./Drivers/STM32F4xx_HAL_Driver/Src/stm32f4xx_hal_cortex.o
LOAD ./Drivers/STM32F4xx_HAL_Driver/Src/stm32f4xx_hal_dma.o
LOAD ./Drivers/STM32F4xx_HAL_Driver/Src/stm32f4xx_hal_dma_ex.o
LOAD ./Drivers/STM32F4xx_HAL_Driver/Src/stm32f4xx_hal_exti.o
LOAD ./Drivers/STM32F4xx_HAL_Driver/Src/stm32f4xx_hal_flash.o
LOAD ./Drivers/STM32F4xx_HAL_Driver/Src/stm32f4xx_hal_flash_ex.o
LOAD ./Drivers/STM32F4xx_HAL_Driver/Src/stm32f4xx_hal_flash_ramfunc.o
LOAD ./Drivers/STM32F4xx_HAL_Driver/Src/stm32f4xx_hal_gpio.o
LOAD ./Drivers/STM32F4xx_HAL_Driver/Src/stm32f4xx_hal_i2c.o
LOAD ./Drivers/STM32F4xx_HAL_Driver/Src/stm32f4xx_hal_i2c_ex.o
LOAD ./Drivers/STM32F4xx_HAL_Driver/Src/stm32f4xx_hal_pcd.o
LOAD ./Drivers/STM32F4xx_HAL_Driver/Src/stm32f4xx_hal_pcd_ex.o
LOAD ./Drivers/STM32F4xx_HAL_Driver/Src/stm32f4xx_hal_pwr.o
LOAD ./Drivers/STM32F4xx_HAL_Driver/Src/stm32f4xx_hal_pwr_ex.o
LOAD ./Drivers/STM32F4xx_HAL_Driver/Src/stm32f4xx_hal_rcc.o
LOAD ./Drivers/STM32F4xx_HAL_Driver/Src/stm32f4xx_hal_rcc_ex.o
LOAD ./Drivers/STM32F4xx_HAL_Driver/Src/stm32f4xx_hal_tim.o
LOAD ./Drivers/STM32F4xx_HAL_Driver/Src/stm32f4xx_hal_tim_ex.o
LOAD ./Drivers/STM32F4xx_HAL_Driver/Src/stm32f4xx_hal_uart.o
LOAD ./Drivers/STM32F4xx_HAL_Driver/Src/stm32f4xx_ll_usb.o
LOAD ./Middlewares/ST/STM32_USB_Device_Library/Class/CDC/Src/usbd_cdc.o
LOAD ./Middlewares/ST/STM32_USB_Device_Library/Core/Src/usbd_core.o
LOAD ./Middlewares/ST/STM32_USB_Device_Library/Core/Src/usbd_ctlreq.o
LOAD ./Middlewares/ST/STM32_USB_Device_Library/Core/Src/usbd_ioreq.o
LOAD ./USB_DEVICE/App/usb_device.o
LOAD ./USB_DEVICE/App/usbd_cdc_if.o
LOAD ./USB_DEVICE/App/usbd_desc.o
LOAD ./USB_DEVICE/Target/usbd_conf.o
START GROUP
LOAD /opt/st/stm32cubeide_1.12.1_2/plugins/com.st.stm32cube.ide.mcu.externaltools.gnu-tools-for-stm32.10.3-2021.10.linux64_1.0.200.202301161003/tools/bin/../lib/gcc/arm-none-eabi/10.3.1/../../../../arm-none-eabi/lib/thumb/v7e-m+fp/hard/libc_nano.a
LOAD /opt/st/stm32cubeide_1.12.1_2/plugins/com.st.stm32cube.ide.mcu.externaltools.gnu-tools-for-stm32.10.3-2021.10.linux64_1.0.200.202301161003/tools/bin/../lib/gcc/arm-none-eabi/10.3.1/../../../../arm-none-eabi/lib/thumb/v7e-m+fp/hard/libm.a
END GROUP
START GROUP
LOAD /opt/st/stm32cubeide_1.12.1_2/plugins/com.st.stm32cube.ide.mcu.externaltools.gnu-tools-for-stm32.10.3-2021.10.linux64_1.0.200.202301161003/tools/bin/../lib/gcc/arm-none-eabi/10.3.1/thumb/v7e-m+fp/hard/libgcc.a
LOAD /opt/st/stm32cubeide_1.12.1_2/plugins/com.st.stm32cube.ide.mcu.externaltools.gnu-tools-for-stm32.10.3-2021.10.linux64_1.0.200.202301161003/tools/bin/../lib/gcc/arm-none-eabi/10.3.1/../../../../arm-none-eabi/lib/thumb/v7e-m+fp/hard/libc_nano.a
END GROUP
START GROUP
LOAD /opt/st/stm32cubeide_1.12.1_2/plugins/com.st.stm32cube.ide.mcu.externaltools.gnu-tools-for-stm32.10.3-2021.10.linux64_1.0.200.202301161003/tools/bin/../lib/gcc/arm-none-eabi/10.3.1/thumb/v7e-m+fp/hard/libgcc.a
LOAD /opt/st/stm32cubeide_1.12.1_2/plugins/com.st.stm32cube.ide.mcu.externaltools.gnu-tools-for-stm32.10.3-2021.10.linux64_1.0.200.202301161003/tools/bin/../lib/gcc/arm-none-eabi/10.3.1/../../../../arm-none-eabi/lib/thumb/v7e-m+fp/hard/libc_nano.a
LOAD /opt/st/stm32cubeide_1.12.1_2/plugins/com.st.stm32cube.ide.mcu.externaltools.gnu-tools-for-stm32.10.3-2021.10.linux64_1.0.200.202301161003/tools/bin/../lib/gcc/arm-none-eabi/10.3.1/../../../../arm-none-eabi/lib/thumb/v7e-m+fp/hard/libnosys.a
END GROUP
START GROUP
LOAD /opt/st/stm32cubeide_1.12.1_2/plugins/com.st.stm32cube.ide.mcu.externaltools.gnu-tools-for-stm32.10.3-2021.10.linux64_1.0.200.202301161003/tools/bin/../lib/gcc/arm-none-eabi/10.3.1/thumb/v7e-m+fp/hard/libgcc.a
LOAD /opt/st/stm32cubeide_1.12.1_2/plugins/com.st.stm32cube.ide.mcu.externaltools.gnu-tools-for-stm32.10.3-2021.10.linux64_1.0.200.202301161003/tools/bin/../lib/gcc/arm-none-eabi/10.3.1/../../../../arm-none-eabi/lib/thumb/v7e-m+fp/hard/libc_nano.a
LOAD /opt/st/stm32cubeide_1.12.1_2/plugins/com.st.stm32cube.ide.mcu.externaltools.gnu-tools-for-stm32.10.3-2021.10.linux64_1.0.200.202301161003/tools/bin/../lib/gcc/arm-none-eabi/10.3.1/../../../../arm-none-eabi/lib/thumb/v7e-m+fp/hard/libnosys.a
END GROUP
LOAD /opt/st/stm32cubeide_1.12.1_2/plugins/com.st.stm32cube.ide.mcu.externaltools.gnu-tools-for-stm32.10.3-2021.10.linux64_1.0.200.202301161003/tools/bin/../lib/gcc/arm-none-eabi/10.3.1/thumb/v7e-m+fp/hard/crtend.o
LOAD /opt/st/stm32cubeide_1.12.1_2/plugins/com.st.stm32cube.ide.mcu.externaltools.gnu-tools-for-stm32.10.3-2021.10.linux64_1.0.200.202301161003/tools/bin/../lib/gcc/arm-none-eabi/10.3.1/thumb/v7e-m+fp/hard/crtn.o
                0x0000000020020000                _estack = (ORIGIN (RAM) + LENGTH (RAM))
                0x0000000000000200                _Min_Heap_Size = 0x200
                0x0000000000000400                _Min_Stack_Size = 0x400

.isr_vector     0x0000000008000000      0x188
                0x0000000008000000                . = ALIGN (0x4)
 *(.isr_vector)
 .isr_vector    0x0000000008000000      0x188 ./Core/Startup/startup_stm32f405rgtx.o
                0x0000000008000000                g_pfnVectors
                0x0000000008000188                . = ALIGN (0x4)

.text           0x0000000008000190    0x104e4
                0x0000000008000190                . = ALIGN (0x4)
 *(.text)
 .text          0x0000000008000190       0x40 /opt/st/stm32cubeide_1.12.1_2/plugins/com.st.stm32cube.ide.mcu.externaltools.gnu-tools-for-stm32.10.3-2021.10.linux64_1.0.200.202301161003/tools/bin/../lib/gcc/arm-none-eabi/10.3.1/thumb/v7e-m+fp/hard/crtbegin.o
 .text          0x00000000080001d0       0x10 /opt/st/stm32cubeide_1.12.1_2/plugins/com.st.stm32cube.ide.mcu.externaltools.gnu-tools-for-stm32.10.3-2021.10.linux64_1.0.200.202301161003/tools/bin/../lib/gcc/arm-none-eabi/10.3.1/../../../../arm-none-eabi/lib/thumb/v7e-m+fp/hard/libc_nano.a(lib_a-strlen.o)
                0x00000000080001d0                strlen
 .text          0x00000000080001e0       0xa0 /opt/st/stm32cubeide_1.12.1_2/plugins/com.st.stm32cube.ide.mcu.externaltools.gnu-tools-for-stm32.10.3-2021.10.linux64_1.0.200.202301161003/tools/bin/../lib/gcc/arm-none-eabi/10.3.1/../../../../arm-none-eabi/lib/thumb/v7e-m+fp/hard/libc_nano.a(lib_a-memchr.o)
                0x00000000080001e0                memchr
 .text          0x0000000008000280      0x378 /opt/st/stm32cubeide_1.12.1_2/plugins/com.st.stm32cube.ide.mcu.externaltools.gnu-tools-for-stm32.10.3-2021.10.linux64_1.0.200.202301161003/tools/bin/../lib/gcc/arm-none-eabi/10.3.1/thumb/v7e-m+fp/hard/libgcc.a(_arm_addsubdf3.o)
                0x0000000008000280                __aeabi_drsub
                0x0000000008000288                __aeabi_dsub
                0x0000000008000288                __subdf3
                0x000000000800028c                __adddf3
                0x000000000800028c                __aeabi_dadd
                0x0000000008000504                __aeabi_ui2d
                0x0000000008000504                __floatunsidf
                0x0000000008000524                __floatsidf
                0x0000000008000524                __aeabi_i2d
                0x0000000008000548                __extendsfdf2
                0x0000000008000548                __aeabi_f2d
                0x000000000800058c                __aeabi_ul2d
                0x000000000800058c                __floatundidf
                0x000000000800059c                __floatdidf
                0x000000000800059c                __aeabi_l2d
 .text          0x00000000080005f8      0x424 /opt/st/stm32cubeide_1.12.1_2/plugins/com.st.stm32cube.ide.mcu.externaltools.gnu-tools-for-stm32.10.3-2021.10.linux64_1.0.200.202301161003/tools/bin/../lib/gcc/arm-none-eabi/10.3.1/thumb/v7e-m+fp/hard/libgcc.a(_arm_muldivdf3.o)
                0x00000000080005f8                __aeabi_dmul
                0x00000000080005f8                __muldf3
                0x000000000800084c                __aeabi_ddiv
                0x000000000800084c                __divdf3
 .text          0x0000000008000a1c      0x110 /opt/st/stm32cubeide_1.12.1_2/plugins/com.st.stm32cube.ide.mcu.externaltools.gnu-tools-for-stm32.10.3-2021.10.linux64_1.0.200.202301161003/tools/bin/../lib/gcc/arm-none-eabi/10.3.1/thumb/v7e-m+fp/hard/libgcc.a(_arm_cmpdf2.o)
                0x0000000008000a1c                __gtdf2
                0x0000000008000a1c                __gedf2
                0x0000000008000a24                __ltdf2
                0x0000000008000a24                __ledf2
                0x0000000008000a2c                __cmpdf2
                0x0000000008000a2c                __eqdf2
                0x0000000008000a2c                __nedf2
                0x0000000008000aa8                __aeabi_cdrcmple
                0x0000000008000ab8                __aeabi_cdcmple
                0x0000000008000ab8                __aeabi_cdcmpeq
                0x0000000008000ac8                __aeabi_dcmpeq
                0x0000000008000adc                __aeabi_dcmplt
                0x0000000008000af0                __aeabi_dcmple
                0x0000000008000b04                __aeabi_dcmpge
                0x0000000008000b18                __aeabi_dcmpgt
 .text          0x0000000008000b2c       0x2c /opt/st/stm32cubeide_1.12.1_2/plugins/com.st.stm32cube.ide.mcu.externaltools.gnu-tools-for-stm32.10.3-2021.10.linux64_1.0.200.202301161003/tools/bin/../lib/gcc/arm-none-eabi/10.3.1/thumb/v7e-m+fp/hard/libgcc.a(_arm_unorddf2.o)
                0x0000000008000b2c                __aeabi_dcmpun
                0x0000000008000b2c                __unorddf2
 .text          0x0000000008000b58       0x50 /opt/st/stm32cubeide_1.12.1_2/plugins/com.st.stm32cube.ide.mcu.externaltools.gnu-tools-for-stm32.10.3-2021.10.linux64_1.0.200.202301161003/tools/bin/../lib/gcc/arm-none-eabi/10.3.1/thumb/v7e-m+fp/hard/libgcc.a(_arm_fixdfsi.o)
                0x0000000008000b58                __fixdfsi
                0x0000000008000b58                __aeabi_d2iz
 .text          0x0000000008000ba8       0xa0 /opt/st/stm32cubeide_1.12.1_2/plugins/com.st.stm32cube.ide.mcu.externaltools.gnu-tools-for-stm32.10.3-2021.10.linux64_1.0.200.202301161003/tools/bin/../lib/gcc/arm-none-eabi/10.3.1/thumb/v7e-m+fp/hard/libgcc.a(_arm_truncdfsf2.o)
                0x0000000008000ba8                __aeabi_d2f
                0x0000000008000ba8                __truncdfsf2
 .text          0x0000000008000c48       0x30 /opt/st/stm32cubeide_1.12.1_2/plugins/com.st.stm32cube.ide.mcu.externaltools.gnu-tools-for-stm32.10.3-2021.10.linux64_1.0.200.202301161003/tools/bin/../lib/gcc/arm-none-eabi/10.3.1/thumb/v7e-m+fp/hard/libgcc.a(_aeabi_uldivmod.o)
                0x0000000008000c48                __aeabi_uldivmod
 .text          0x0000000008000c78      0x2d0 /opt/st/stm32cubeide_1.12.1_2/plugins/com.st.stm32cube.ide.mcu.externaltools.gnu-tools-for-stm32.10.3-2021.10.linux64_1.0.200.202301161003/tools/bin/../lib/gcc/arm-none-eabi/10.3.1/thumb/v7e-m+fp/hard/libgcc.a(_udivmoddi4.o)
                0x0000000008000c78                __udivmoddi4
 .text          0x0000000008000f48        0x4 /opt/st/stm32cubeide_1.12.1_2/plugins/com.st.stm32cube.ide.mcu.externaltools.gnu-tools-for-stm32.10.3-2021.10.linux64_1.0.200.202301161003/tools/bin/../lib/gcc/arm-none-eabi/10.3.1/thumb/v7e-m+fp/hard/libgcc.a(_dvmd_tls.o)
                0x0000000008000f48                __aeabi_ldiv0
                0x0000000008000f48                __aeabi_idiv0
 *(.text*)
 .text.HAL_TIM_PeriodElapsedCallback
                0x0000000008000f4c      0x19c ./Core/Src/main.o
                0x0000000008000f4c                HAL_TIM_PeriodElapsedCallback
 .text.us_since_startup
                0x00000000080010e8       0x38 ./Core/Src/main.o
                0x00000000080010e8                us_since_startup
 .text.get_and_reset_dt_us
                0x0000000008001120       0x2c ./Core/Src/main.o
                0x0000000008001120                get_and_reset_dt_us
 .text.HAL_UART_TxCpltCallback
                0x000000000800114c       0x40 ./Core/Src/main.o
                0x000000000800114c                HAL_UART_TxCpltCallback
 .text.HAL_UART_RxCpltCallback
                0x000000000800118c       0x40 ./Core/Src/main.o
                0x000000000800118c                HAL_UART_RxCpltCallback
 .text.HAL_UART_ErrorCallback
                0x00000000080011cc       0x40 ./Core/Src/main.o
                0x00000000080011cc                HAL_UART_ErrorCallback
 .text.dead_mans_switch_activated
                0x000000000800120c       0x2c ./Core/Src/main.o
                0x000000000800120c                dead_mans_switch_activated
 .text.dead_mans_switch_update_led
                0x0000000008001238       0x88 ./Core/Src/main.o
                0x0000000008001238                dead_mans_switch_update_led
 .text.setup_mpu
                0x00000000080012c0       0x9c ./Core/Src/main.o
                0x00000000080012c0                setup_mpu
 *fill*         0x000000000800135c        0x4 
 .text.get_accelerometer_data
                0x0000000008001360      0x328 ./Core/Src/main.o
                0x0000000008001360                get_accelerometer_data
 .text.main     0x0000000008001688      0xa44 ./Core/Src/main.o
                0x0000000008001688                main
 .text.SystemClock_Config
                0x00000000080020cc       0xd4 ./Core/Src/main.o
                0x00000000080020cc                SystemClock_Config
 .text.MX_I2C2_Init
                0x00000000080021a0       0x5c ./Core/Src/main.o
 .text.MX_TIM1_Init
                0x00000000080021fc       0xa0 ./Core/Src/main.o
 .text.MX_TIM2_Init
                0x000000000800229c       0x98 ./Core/Src/main.o
 .text.MX_USART2_UART_Init
                0x0000000008002334       0x54 ./Core/Src/main.o
 .text.MX_USART3_UART_Init
                0x0000000008002388       0x54 ./Core/Src/main.o
 .text.MX_GPIO_Init
                0x00000000080023dc       0xd8 ./Core/Src/main.o
 .text.Error_Handler
                0x00000000080024b4        0xa ./Core/Src/main.o
                0x00000000080024b4                Error_Handler
 .text.queue_init
                0x00000000080024be       0x40 ./Core/Src/queue.o
                0x00000000080024be                queue_init
 .text.queue_nelem
                0x00000000080024fe       0x2a ./Core/Src/queue.o
                0x00000000080024fe                queue_nelem
 .text.queue_can_put
                0x0000000008002528       0x26 ./Core/Src/queue.o
                0x0000000008002528                queue_can_put
 .text.queue_put
                0x000000000800254e       0x9a ./Core/Src/queue.o
                0x000000000800254e                queue_put
 .text.queue_has
                0x00000000080025e8       0x22 ./Core/Src/queue.o
                0x00000000080025e8                queue_has
 .text.queue_pop
                0x000000000800260a       0xaa ./Core/Src/queue.o
                0x000000000800260a                queue_pop
 .text.HAL_MspInit
                0x00000000080026b4       0x50 ./Core/Src/stm32f4xx_hal_msp.o
                0x00000000080026b4                HAL_MspInit
 .text.HAL_I2C_MspInit
                0x0000000008002704       0x90 ./Core/Src/stm32f4xx_hal_msp.o
                0x0000000008002704                HAL_I2C_MspInit
 .text.HAL_TIM_Base_MspInit
                0x0000000008002794       0x88 ./Core/Src/stm32f4xx_hal_msp.o
                0x0000000008002794                HAL_TIM_Base_MspInit
 .text.HAL_UART_MspInit
                0x000000000800281c      0x11c ./Core/Src/stm32f4xx_hal_msp.o
                0x000000000800281c                HAL_UART_MspInit
 .text.NMI_Handler
                0x0000000008002938        0x6 ./Core/Src/stm32f4xx_it.o
                0x0000000008002938                NMI_Handler
 .text.HardFault_Handler
                0x000000000800293e        0x6 ./Core/Src/stm32f4xx_it.o
                0x000000000800293e                HardFault_Handler
 .text.MemManage_Handler
                0x0000000008002944        0x6 ./Core/Src/stm32f4xx_it.o
                0x0000000008002944                MemManage_Handler
 .text.BusFault_Handler
                0x000000000800294a        0x6 ./Core/Src/stm32f4xx_it.o
                0x000000000800294a                BusFault_Handler
 .text.UsageFault_Handler
                0x0000000008002950        0x6 ./Core/Src/stm32f4xx_it.o
                0x0000000008002950                UsageFault_Handler
 .text.SVC_Handler
                0x0000000008002956        0xe ./Core/Src/stm32f4xx_it.o
                0x0000000008002956                SVC_Handler
 .text.DebugMon_Handler
                0x0000000008002964        0xe ./Core/Src/stm32f4xx_it.o
                0x0000000008002964                DebugMon_Handler
 .text.PendSV_Handler
                0x0000000008002972        0xe ./Core/Src/stm32f4xx_it.o
                0x0000000008002972                PendSV_Handler
 .text.SysTick_Handler
                0x0000000008002980        0xc ./Core/Src/stm32f4xx_it.o
                0x0000000008002980                SysTick_Handler
 .text.TIM1_UP_TIM10_IRQHandler
                0x000000000800298c       0x14 ./Core/Src/stm32f4xx_it.o
                0x000000000800298c                TIM1_UP_TIM10_IRQHandler
 .text.TIM2_IRQHandler
                0x00000000080029a0       0x14 ./Core/Src/stm32f4xx_it.o
                0x00000000080029a0                TIM2_IRQHandler
 .text.USART2_IRQHandler
                0x00000000080029b4       0x14 ./Core/Src/stm32f4xx_it.o
                0x00000000080029b4                USART2_IRQHandler
 .text.USART3_IRQHandler
                0x00000000080029c8       0x14 ./Core/Src/stm32f4xx_it.o
                0x00000000080029c8                USART3_IRQHandler
 .text.OTG_FS_IRQHandler
                0x00000000080029dc       0x14 ./Core/Src/stm32f4xx_it.o
                0x00000000080029dc                OTG_FS_IRQHandler
 .text._getpid  0x00000000080029f0       0x10 ./Core/Src/syscalls.o
                0x00000000080029f0                _getpid
 .text._kill    0x0000000008002a00       0x20 ./Core/Src/syscalls.o
                0x0000000008002a00                _kill
 .text._exit    0x0000000008002a20       0x14 ./Core/Src/syscalls.o
                0x0000000008002a20                _exit
 .text._read    0x0000000008002a34       0x3a ./Core/Src/syscalls.o
                0x0000000008002a34                _read
 .text._write   0x0000000008002a6e       0x38 ./Core/Src/syscalls.o
                0x0000000008002a6e                _write
 .text._close   0x0000000008002aa6       0x18 ./Core/Src/syscalls.o
                0x0000000008002aa6                _close
 .text._fstat   0x0000000008002abe       0x20 ./Core/Src/syscalls.o
                0x0000000008002abe                _fstat
 .text._isatty  0x0000000008002ade       0x16 ./Core/Src/syscalls.o
                0x0000000008002ade                _isatty
 .text._lseek   0x0000000008002af4       0x1a ./Core/Src/syscalls.o
                0x0000000008002af4                _lseek
 *fill*         0x0000000008002b0e        0x2 
 .text._sbrk    0x0000000008002b10       0x6c ./Core/Src/sysmem.o
                0x0000000008002b10                _sbrk
 .text.SystemInit
                0x0000000008002b7c       0x24 ./Core/Src/system_stm32f4xx.o
                0x0000000008002b7c                SystemInit
 .text.read_u8  0x0000000008002ba0       0x28 ./Core/Src/vesc_com.o
 .text.read_u16
                0x0000000008002bc8       0x34 ./Core/Src/vesc_com.o
 .text.read_u32
                0x0000000008002bfc       0x2c ./Core/Src/vesc_com.o
 .text.read_f16
                0x0000000008002c28       0x58 ./Core/Src/vesc_com.o
 .text.read_f32
                0x0000000008002c80       0x4c ./Core/Src/vesc_com.o
 .text.vesc_init
                0x0000000008002ccc       0x50 ./Core/Src/vesc_com.o
                0x0000000008002ccc                vesc_init
 .text.vesc_uart_cb_txcplt
                0x0000000008002d1c       0x1e ./Core/Src/vesc_com.o
                0x0000000008002d1c                vesc_uart_cb_txcplt
 .text.vesc_start_recv
                0x0000000008002d3a       0x24 ./Core/Src/vesc_com.o
                0x0000000008002d3a                vesc_start_recv
 .text.vesc_uart_cb_rxcplt
                0x0000000008002d5e       0xb4 ./Core/Src/vesc_com.o
                0x0000000008002d5e                vesc_uart_cb_rxcplt
 .text.vesc_got_data
                0x0000000008002e12      0x210 ./Core/Src/vesc_com.o
                0x0000000008002e12                vesc_got_data
 *fill*         0x0000000008003022        0x2 
 .text.vesc_queue_packet
                0x0000000008003024      0x104 ./Core/Src/vesc_com.o
                0x0000000008003024                vesc_queue_packet
 .text.vesc_transmit_and_recv
                0x0000000008003128       0x9c ./Core/Src/vesc_com.o
                0x0000000008003128                vesc_transmit_and_recv
 .text.vesc_set_current
                0x00000000080031c4       0x80 ./Core/Src/vesc_com.o
                0x00000000080031c4                vesc_set_current
 .text.vesc_request_data
                0x0000000008003244       0x22 ./Core/Src/vesc_com.o
                0x0000000008003244                vesc_request_data
 *fill*         0x0000000008003266        0x2 
 .text.vcr_step
                0x0000000008003268       0x90 ./Core/Src/vesc_current_reg.o
                0x0000000008003268                vcr_step
 .text.kalman_filter_predict
                0x00000000080032f8      0x1f6 ./Core/Src/ctrl/kalman_filter.o
                0x00000000080032f8                kalman_filter_predict
 *fill*         0x00000000080034ee        0x2 
 .text.kalman_filter_update
                0x00000000080034f0      0x780 ./Core/Src/ctrl/kalman_filter.o
                0x00000000080034f0                kalman_filter_update
 .text.roll_kalman_filter_update
                0x0000000008003c70      0x192 ./Core/Src/ctrl/kalman_filter.o
                0x0000000008003c70                roll_kalman_filter_update
 .text.roll_kalman_filter_predict
                0x0000000008003e02      0x108 ./Core/Src/ctrl/kalman_filter.o
                0x0000000008003e02                roll_kalman_filter_predict
 *fill*         0x0000000008003f0a        0x2 
 .text.stop_time_x_d
                0x0000000008003f0c       0x88 ./Core/Src/ctrl/regulator.o
                0x0000000008003f0c                stop_time_x_d
 *fill*         0x0000000008003f94        0x4 
 .text.LookaheadSpeedRegulator
                0x0000000008003f98      0x29c ./Core/Src/ctrl/regulator.o
                0x0000000008003f98                LookaheadSpeedRegulator
 *fill*         0x0000000008004234        0x4 
 .text.roll_reg_step
                0x0000000008004238       0xb8 ./Core/Src/ctrl/regulator.o
                0x0000000008004238                roll_reg_step
 .text.Reset_Handler
                0x00000000080042f0       0x50 ./Core/Startup/startup_stm32f405rgtx.o
                0x00000000080042f0                Reset_Handler
 .text.Default_Handler
                0x0000000008004340        0x2 ./Core/Startup/startup_stm32f405rgtx.o
                0x0000000008004340                RTC_Alarm_IRQHandler
                0x0000000008004340                HASH_RNG_IRQHandler
                0x0000000008004340                EXTI2_IRQHandler
                0x0000000008004340                TIM8_CC_IRQHandler
                0x0000000008004340                TIM1_CC_IRQHandler
                0x0000000008004340                DMA2_Stream5_IRQHandler
                0x0000000008004340                DMA1_Stream5_IRQHandler
                0x0000000008004340                PVD_IRQHandler
                0x0000000008004340                SDIO_IRQHandler
                0x0000000008004340                TAMP_STAMP_IRQHandler
                0x0000000008004340                CAN2_RX1_IRQHandler
                0x0000000008004340                EXTI3_IRQHandler
                0x0000000008004340                TIM8_TRG_COM_TIM14_IRQHandler
                0x0000000008004340                TIM8_UP_TIM13_IRQHandler
                0x0000000008004340                I2C3_ER_IRQHandler
                0x0000000008004340                EXTI0_IRQHandler
                0x0000000008004340                I2C2_EV_IRQHandler
                0x0000000008004340                DMA1_Stream2_IRQHandler
                0x0000000008004340                CAN1_RX0_IRQHandler
                0x0000000008004340                FPU_IRQHandler
                0x0000000008004340                OTG_HS_WKUP_IRQHandler
                0x0000000008004340                CAN2_SCE_IRQHandler
                0x0000000008004340                DMA2_Stream2_IRQHandler
                0x0000000008004340                SPI1_IRQHandler
                0x0000000008004340                TIM6_DAC_IRQHandler
                0x0000000008004340                TIM1_BRK_TIM9_IRQHandler
                0x0000000008004340                CAN2_RX0_IRQHandler
                0x0000000008004340                DMA2_Stream3_IRQHandler
                0x0000000008004340                USART6_IRQHandler
                0x0000000008004340                CAN1_RX1_IRQHandler
                0x0000000008004340                UART5_IRQHandler
                0x0000000008004340                DMA2_Stream0_IRQHandler
                0x0000000008004340                TIM4_IRQHandler
                0x0000000008004340                I2C1_EV_IRQHandler
                0x0000000008004340                DMA1_Stream6_IRQHandler
                0x0000000008004340                DMA1_Stream1_IRQHandler
                0x0000000008004340                UART4_IRQHandler
                0x0000000008004340                TIM3_IRQHandler
                0x0000000008004340                RCC_IRQHandler
                0x0000000008004340                TIM8_BRK_TIM12_IRQHandler
                0x0000000008004340                Default_Handler
                0x0000000008004340                EXTI15_10_IRQHandler
                0x0000000008004340                ADC_IRQHandler
                0x0000000008004340                DMA1_Stream7_IRQHandler
                0x0000000008004340                TIM7_IRQHandler
                0x0000000008004340                CAN2_TX_IRQHandler
                0x0000000008004340                TIM5_IRQHandler
                0x0000000008004340                DMA2_Stream7_IRQHandler
                0x0000000008004340                I2C3_EV_IRQHandler
                0x0000000008004340                EXTI9_5_IRQHandler
                0x0000000008004340                RTC_WKUP_IRQHandler
                0x0000000008004340                SPI2_IRQHandler
                0x0000000008004340                OTG_HS_EP1_IN_IRQHandler
                0x0000000008004340                DMA1_Stream0_IRQHandler
                0x0000000008004340                CAN1_TX_IRQHandler
                0x0000000008004340                EXTI4_IRQHandler
                0x0000000008004340                FSMC_IRQHandler
                0x0000000008004340                OTG_HS_EP1_OUT_IRQHandler
                0x0000000008004340                WWDG_IRQHandler
                0x0000000008004340                OTG_FS_WKUP_IRQHandler
                0x0000000008004340                TIM1_TRG_COM_TIM11_IRQHandler
                0x0000000008004340                OTG_HS_IRQHandler
                0x0000000008004340                EXTI1_IRQHandler
                0x0000000008004340                I2C2_ER_IRQHandler
                0x0000000008004340                DMA2_Stream1_IRQHandler
                0x0000000008004340                CAN1_SCE_IRQHandler
                0x0000000008004340                FLASH_IRQHandler
                0x0000000008004340                DMA2_Stream4_IRQHandler
                0x0000000008004340                USART1_IRQHandler
                0x0000000008004340                SPI3_IRQHandler
                0x0000000008004340                DMA1_Stream4_IRQHandler
                0x0000000008004340                I2C1_ER_IRQHandler
                0x0000000008004340                DMA2_Stream6_IRQHandler
                0x0000000008004340                DMA1_Stream3_IRQHandler
 *fill*         0x0000000008004342        0x2 
 .text.HAL_Init
                0x0000000008004344       0x44 ./Drivers/STM32F4xx_HAL_Driver/Src/stm32f4xx_hal.o
                0x0000000008004344                HAL_Init
 .text.HAL_InitTick
                0x0000000008004388       0x60 ./Drivers/STM32F4xx_HAL_Driver/Src/stm32f4xx_hal.o
                0x0000000008004388                HAL_InitTick
 .text.HAL_IncTick
                0x00000000080043e8       0x28 ./Drivers/STM32F4xx_HAL_Driver/Src/stm32f4xx_hal.o
                0x00000000080043e8                HAL_IncTick
 .text.HAL_GetTick
                0x0000000008004410       0x18 ./Drivers/STM32F4xx_HAL_Driver/Src/stm32f4xx_hal.o
                0x0000000008004410                HAL_GetTick
 .text.HAL_Delay
                0x0000000008004428       0x48 ./Drivers/STM32F4xx_HAL_Driver/Src/stm32f4xx_hal.o
                0x0000000008004428                HAL_Delay
 .text.__NVIC_SetPriorityGrouping
                0x0000000008004470       0x48 ./Drivers/STM32F4xx_HAL_Driver/Src/stm32f4xx_hal_cortex.o
 .text.__NVIC_GetPriorityGrouping
                0x00000000080044b8       0x1c ./Drivers/STM32F4xx_HAL_Driver/Src/stm32f4xx_hal_cortex.o
 .text.__NVIC_EnableIRQ
                0x00000000080044d4       0x3c ./Drivers/STM32F4xx_HAL_Driver/Src/stm32f4xx_hal_cortex.o
 .text.__NVIC_DisableIRQ
                0x0000000008004510       0x48 ./Drivers/STM32F4xx_HAL_Driver/Src/stm32f4xx_hal_cortex.o
 .text.__NVIC_SetPriority
                0x0000000008004558       0x54 ./Drivers/STM32F4xx_HAL_Driver/Src/stm32f4xx_hal_cortex.o
 .text.NVIC_EncodePriority
                0x00000000080045ac       0x66 ./Drivers/STM32F4xx_HAL_Driver/Src/stm32f4xx_hal_cortex.o
 *fill*         0x0000000008004612        0x2 
 .text.SysTick_Config
                0x0000000008004614       0x44 ./Drivers/STM32F4xx_HAL_Driver/Src/stm32f4xx_hal_cortex.o
 .text.HAL_NVIC_SetPriorityGrouping
                0x0000000008004658       0x16 ./Drivers/STM32F4xx_HAL_Driver/Src/stm32f4xx_hal_cortex.o
                0x0000000008004658                HAL_NVIC_SetPriorityGrouping
 .text.HAL_NVIC_SetPriority
                0x000000000800466e       0x38 ./Drivers/STM32F4xx_HAL_Driver/Src/stm32f4xx_hal_cortex.o
                0x000000000800466e                HAL_NVIC_SetPriority
 .text.HAL_NVIC_EnableIRQ
                0x00000000080046a6       0x1c ./Drivers/STM32F4xx_HAL_Driver/Src/stm32f4xx_hal_cortex.o
                0x00000000080046a6                HAL_NVIC_EnableIRQ
 .text.HAL_NVIC_DisableIRQ
                0x00000000080046c2       0x1c ./Drivers/STM32F4xx_HAL_Driver/Src/stm32f4xx_hal_cortex.o
                0x00000000080046c2                HAL_NVIC_DisableIRQ
 .text.HAL_SYSTICK_Config
                0x00000000080046de       0x18 ./Drivers/STM32F4xx_HAL_Driver/Src/stm32f4xx_hal_cortex.o
                0x00000000080046de                HAL_SYSTICK_Config
 .text.HAL_DMA_Abort
                0x00000000080046f6       0xe0 ./Drivers/STM32F4xx_HAL_Driver/Src/stm32f4xx_hal_dma.o
                0x00000000080046f6                HAL_DMA_Abort
 .text.HAL_DMA_Abort_IT
                0x00000000080047d6       0x44 ./Drivers/STM32F4xx_HAL_Driver/Src/stm32f4xx_hal_dma.o
                0x00000000080047d6                HAL_DMA_Abort_IT
 *fill*         0x000000000800481a        0x2 
 .text.HAL_GPIO_Init
                0x000000000800481c      0x338 ./Drivers/STM32F4xx_HAL_Driver/Src/stm32f4xx_hal_gpio.o
                0x000000000800481c                HAL_GPIO_Init
 .text.HAL_GPIO_ReadPin
                0x0000000008004b54       0x30 ./Drivers/STM32F4xx_HAL_Driver/Src/stm32f4xx_hal_gpio.o
                0x0000000008004b54                HAL_GPIO_ReadPin
 .text.HAL_GPIO_WritePin
                0x0000000008004b84       0x32 ./Drivers/STM32F4xx_HAL_Driver/Src/stm32f4xx_hal_gpio.o
                0x0000000008004b84                HAL_GPIO_WritePin
 *fill*         0x0000000008004bb6        0x2 
 .text.HAL_I2C_Init
                0x0000000008004bb8      0x288 ./Drivers/STM32F4xx_HAL_Driver/Src/stm32f4xx_hal_i2c.o
                0x0000000008004bb8                HAL_I2C_Init
 .text.HAL_I2C_Mem_Write
                0x0000000008004e40      0x1f4 ./Drivers/STM32F4xx_HAL_Driver/Src/stm32f4xx_hal_i2c.o
                0x0000000008004e40                HAL_I2C_Mem_Write
 .text.HAL_I2C_Mem_Read
                0x0000000008005034      0x44c ./Drivers/STM32F4xx_HAL_Driver/Src/stm32f4xx_hal_i2c.o
                0x0000000008005034                HAL_I2C_Mem_Read
 .text.I2C_RequestMemoryWrite
                0x0000000008005480      0x12c ./Drivers/STM32F4xx_HAL_Driver/Src/stm32f4xx_hal_i2c.o
 .text.I2C_RequestMemoryRead
                0x00000000080055ac      0x1d0 ./Drivers/STM32F4xx_HAL_Driver/Src/stm32f4xx_hal_i2c.o
 .text.I2C_WaitOnFlagUntilTimeout
                0x000000000800577c       0xae ./Drivers/STM32F4xx_HAL_Driver/Src/stm32f4xx_hal_i2c.o
 .text.I2C_WaitOnMasterAddressFlagUntilTimeout
                0x000000000800582a       0xfe ./Drivers/STM32F4xx_HAL_Driver/Src/stm32f4xx_hal_i2c.o
 .text.I2C_WaitOnTXEFlagUntilTimeout
                0x0000000008005928       0x82 ./Drivers/STM32F4xx_HAL_Driver/Src/stm32f4xx_hal_i2c.o
 .text.I2C_WaitOnBTFFlagUntilTimeout
                0x00000000080059aa       0x82 ./Drivers/STM32F4xx_HAL_Driver/Src/stm32f4xx_hal_i2c.o
 .text.I2C_WaitOnRXNEFlagUntilTimeout
                0x0000000008005a2c       0xac ./Drivers/STM32F4xx_HAL_Driver/Src/stm32f4xx_hal_i2c.o
 .text.I2C_IsAcknowledgeFailed
                0x0000000008005ad8       0x5e ./Drivers/STM32F4xx_HAL_Driver/Src/stm32f4xx_hal_i2c.o
 .text.HAL_PCD_Init
                0x0000000008005b36      0x23a ./Drivers/STM32F4xx_HAL_Driver/Src/stm32f4xx_hal_pcd.o
                0x0000000008005b36                HAL_PCD_Init
 .text.HAL_PCD_Start
                0x0000000008005d70       0x66 ./Drivers/STM32F4xx_HAL_Driver/Src/stm32f4xx_hal_pcd.o
                0x0000000008005d70                HAL_PCD_Start
 .text.HAL_PCD_IRQHandler
                0x0000000008005dd6      0x764 ./Drivers/STM32F4xx_HAL_Driver/Src/stm32f4xx_hal_pcd.o
                0x0000000008005dd6                HAL_PCD_IRQHandler
 .text.HAL_PCD_SetAddress
                0x000000000800653a       0x4a ./Drivers/STM32F4xx_HAL_Driver/Src/stm32f4xx_hal_pcd.o
                0x000000000800653a                HAL_PCD_SetAddress
 .text.HAL_PCD_EP_Open
                0x0000000008006584       0xd0 ./Drivers/STM32F4xx_HAL_Driver/Src/stm32f4xx_hal_pcd.o
                0x0000000008006584                HAL_PCD_EP_Open
 .text.HAL_PCD_EP_Close
                0x0000000008006654       0x94 ./Drivers/STM32F4xx_HAL_Driver/Src/stm32f4xx_hal_pcd.o
                0x0000000008006654                HAL_PCD_EP_Close
 .text.HAL_PCD_EP_Receive
                0x00000000080066e8       0x96 ./Drivers/STM32F4xx_HAL_Driver/Src/stm32f4xx_hal_pcd.o
                0x00000000080066e8                HAL_PCD_EP_Receive
 .text.HAL_PCD_EP_GetRxCount
                0x000000000800677e       0x30 ./Drivers/STM32F4xx_HAL_Driver/Src/stm32f4xx_hal_pcd.o
                0x000000000800677e                HAL_PCD_EP_GetRxCount
 .text.HAL_PCD_EP_Transmit
                0x00000000080067ae       0x94 ./Drivers/STM32F4xx_HAL_Driver/Src/stm32f4xx_hal_pcd.o
                0x00000000080067ae                HAL_PCD_EP_Transmit
 .text.HAL_PCD_EP_SetStall
                0x0000000008006842       0xc8 ./Drivers/STM32F4xx_HAL_Driver/Src/stm32f4xx_hal_pcd.o
                0x0000000008006842                HAL_PCD_EP_SetStall
 .text.HAL_PCD_EP_ClrStall
                0x000000000800690a       0xac ./Drivers/STM32F4xx_HAL_Driver/Src/stm32f4xx_hal_pcd.o
                0x000000000800690a                HAL_PCD_EP_ClrStall
 .text.PCD_WriteEmptyTxFifo
                0x00000000080069b6      0x11a ./Drivers/STM32F4xx_HAL_Driver/Src/stm32f4xx_hal_pcd.o
 .text.PCD_EP_OutXfrComplete_int
                0x0000000008006ad0      0x218 ./Drivers/STM32F4xx_HAL_Driver/Src/stm32f4xx_hal_pcd.o
 .text.PCD_EP_OutSetupPacket_int
                0x0000000008006ce8       0x8c ./Drivers/STM32F4xx_HAL_Driver/Src/stm32f4xx_hal_pcd.o
 .text.HAL_PCDEx_SetTxFiFo
                0x0000000008006d74       0x8e ./Drivers/STM32F4xx_HAL_Driver/Src/stm32f4xx_hal_pcd_ex.o
                0x0000000008006d74                HAL_PCDEx_SetTxFiFo
 .text.HAL_PCDEx_SetRxFiFo
                0x0000000008006e02       0x22 ./Drivers/STM32F4xx_HAL_Driver/Src/stm32f4xx_hal_pcd_ex.o
                0x0000000008006e02                HAL_PCDEx_SetRxFiFo
 .text.HAL_PCDEx_LPM_Callback
                0x0000000008006e24       0x18 ./Drivers/STM32F4xx_HAL_Driver/Src/stm32f4xx_hal_pcd_ex.o
                0x0000000008006e24                HAL_PCDEx_LPM_Callback
 .text.HAL_RCC_OscConfig
                0x0000000008006e3c      0x4f0 ./Drivers/STM32F4xx_HAL_Driver/Src/stm32f4xx_hal_rcc.o
                0x0000000008006e3c                HAL_RCC_OscConfig
 .text.HAL_RCC_ClockConfig
                0x000000000800732c      0x1cc ./Drivers/STM32F4xx_HAL_Driver/Src/stm32f4xx_hal_rcc.o
                0x000000000800732c                HAL_RCC_ClockConfig
 .text.HAL_RCC_GetSysClockFreq
                0x00000000080074f8      0x208 ./Drivers/STM32F4xx_HAL_Driver/Src/stm32f4xx_hal_rcc.o
                0x00000000080074f8                HAL_RCC_GetSysClockFreq
 .text.HAL_RCC_GetHCLKFreq
                0x0000000008007700       0x18 ./Drivers/STM32F4xx_HAL_Driver/Src/stm32f4xx_hal_rcc.o
                0x0000000008007700                HAL_RCC_GetHCLKFreq
 .text.HAL_RCC_GetPCLK1Freq
                0x0000000008007718       0x28 ./Drivers/STM32F4xx_HAL_Driver/Src/stm32f4xx_hal_rcc.o
                0x0000000008007718                HAL_RCC_GetPCLK1Freq
 .text.HAL_RCC_GetPCLK2Freq
                0x0000000008007740       0x28 ./Drivers/STM32F4xx_HAL_Driver/Src/stm32f4xx_hal_rcc.o
                0x0000000008007740                HAL_RCC_GetPCLK2Freq
 .text.HAL_TIM_Base_Init
                0x0000000008007768       0x9e ./Drivers/STM32F4xx_HAL_Driver/Src/stm32f4xx_hal_tim.o
                0x0000000008007768                HAL_TIM_Base_Init
 *fill*         0x0000000008007806        0x2 
 .text.HAL_TIM_Base_Start_IT
                0x0000000008007808       0xe0 ./Drivers/STM32F4xx_HAL_Driver/Src/stm32f4xx_hal_tim.o
                0x0000000008007808                HAL_TIM_Base_Start_IT
 .text.HAL_TIM_IRQHandler
                0x00000000080078e8      0x210 ./Drivers/STM32F4xx_HAL_Driver/Src/stm32f4xx_hal_tim.o
                0x00000000080078e8                HAL_TIM_IRQHandler
 .text.HAL_TIM_ConfigClockSource
                0x0000000008007af8      0x18e ./Drivers/STM32F4xx_HAL_Driver/Src/stm32f4xx_hal_tim.o
                0x0000000008007af8                HAL_TIM_ConfigClockSource
 .text.HAL_TIM_OC_DelayElapsedCallback
                0x0000000008007c86       0x14 ./Drivers/STM32F4xx_HAL_Driver/Src/stm32f4xx_hal_tim.o
                0x0000000008007c86                HAL_TIM_OC_DelayElapsedCallback
 .text.HAL_TIM_IC_CaptureCallback
                0x0000000008007c9a       0x14 ./Drivers/STM32F4xx_HAL_Driver/Src/stm32f4xx_hal_tim.o
                0x0000000008007c9a                HAL_TIM_IC_CaptureCallback
 .text.HAL_TIM_PWM_PulseFinishedCallback
                0x0000000008007cae       0x14 ./Drivers/STM32F4xx_HAL_Driver/Src/stm32f4xx_hal_tim.o
                0x0000000008007cae                HAL_TIM_PWM_PulseFinishedCallback
 .text.HAL_TIM_TriggerCallback
                0x0000000008007cc2       0x14 ./Drivers/STM32F4xx_HAL_Driver/Src/stm32f4xx_hal_tim.o
                0x0000000008007cc2                HAL_TIM_TriggerCallback
 *fill*         0x0000000008007cd6        0x2 
 .text.TIM_Base_SetConfig
                0x0000000008007cd8      0x140 ./Drivers/STM32F4xx_HAL_Driver/Src/stm32f4xx_hal_tim.o
                0x0000000008007cd8                TIM_Base_SetConfig
 .text.TIM_TI1_ConfigInputStage
                0x0000000008007e18       0x5e ./Drivers/STM32F4xx_HAL_Driver/Src/stm32f4xx_hal_tim.o
 .text.TIM_TI2_ConfigInputStage
                0x0000000008007e76       0x60 ./Drivers/STM32F4xx_HAL_Driver/Src/stm32f4xx_hal_tim.o
 .text.TIM_ITRx_SetConfig
                0x0000000008007ed6       0x36 ./Drivers/STM32F4xx_HAL_Driver/Src/stm32f4xx_hal_tim.o
 .text.TIM_ETR_SetConfig
                0x0000000008007f0c       0x40 ./Drivers/STM32F4xx_HAL_Driver/Src/stm32f4xx_hal_tim.o
                0x0000000008007f0c                TIM_ETR_SetConfig
 .text.HAL_TIMEx_MasterConfigSynchronization
                0x0000000008007f4c       0xf8 ./Drivers/STM32F4xx_HAL_Driver/Src/stm32f4xx_hal_tim_ex.o
                0x0000000008007f4c                HAL_TIMEx_MasterConfigSynchronization
 .text.HAL_TIMEx_CommutCallback
                0x0000000008008044       0x14 ./Drivers/STM32F4xx_HAL_Driver/Src/stm32f4xx_hal_tim_ex.o
                0x0000000008008044                HAL_TIMEx_CommutCallback
 .text.HAL_TIMEx_BreakCallback
                0x0000000008008058       0x14 ./Drivers/STM32F4xx_HAL_Driver/Src/stm32f4xx_hal_tim_ex.o
                0x0000000008008058                HAL_TIMEx_BreakCallback
 .text.HAL_UART_Init
                0x000000000800806c       0x9a ./Drivers/STM32F4xx_HAL_Driver/Src/stm32f4xx_hal_uart.o
                0x000000000800806c                HAL_UART_Init
 .text.HAL_UART_Transmit_IT
                0x0000000008008106       0x8a ./Drivers/STM32F4xx_HAL_Driver/Src/stm32f4xx_hal_uart.o
                0x0000000008008106                HAL_UART_Transmit_IT
 .text.HAL_UART_Receive_IT
                0x0000000008008190       0x60 ./Drivers/STM32F4xx_HAL_Driver/Src/stm32f4xx_hal_uart.o
                0x0000000008008190                HAL_UART_Receive_IT
 .text.HAL_UART_IRQHandler
                0x00000000080081f0      0x51c ./Drivers/STM32F4xx_HAL_Driver/Src/stm32f4xx_hal_uart.o
                0x00000000080081f0                HAL_UART_IRQHandler
 .text.HAL_UARTEx_RxEventCallback
                0x000000000800870c       0x18 ./Drivers/STM32F4xx_HAL_Driver/Src/stm32f4xx_hal_uart.o
                0x000000000800870c                HAL_UARTEx_RxEventCallback
 .text.UART_Start_Receive_IT
                0x0000000008008724       0x74 ./Drivers/STM32F4xx_HAL_Driver/Src/stm32f4xx_hal_uart.o
                0x0000000008008724                UART_Start_Receive_IT
 .text.UART_EndRxTransfer
                0x0000000008008798       0xc6 ./Drivers/STM32F4xx_HAL_Driver/Src/stm32f4xx_hal_uart.o
 .text.UART_DMAAbortOnError
                0x000000000800885e       0x28 ./Drivers/STM32F4xx_HAL_Driver/Src/stm32f4xx_hal_uart.o
 .text.UART_Transmit_IT
                0x0000000008008886       0xa0 ./Drivers/STM32F4xx_HAL_Driver/Src/stm32f4xx_hal_uart.o
 .text.UART_EndTransmit_IT
                0x0000000008008926       0x30 ./Drivers/STM32F4xx_HAL_Driver/Src/stm32f4xx_hal_uart.o
 .text.UART_Receive_IT
                0x0000000008008956      0x176 ./Drivers/STM32F4xx_HAL_Driver/Src/stm32f4xx_hal_uart.o
 .text.UART_SetConfig
                0x0000000008008acc      0x4e8 ./Drivers/STM32F4xx_HAL_Driver/Src/stm32f4xx_hal_uart.o
 .text.USB_CoreInit
                0x0000000008008fb4       0xc2 ./Drivers/STM32F4xx_HAL_Driver/Src/stm32f4xx_ll_usb.o
                0x0000000008008fb4                USB_CoreInit
 *fill*         0x0000000008009076        0x2 
 .text.USB_SetTurnaroundTime
                0x0000000008009078      0x144 ./Drivers/STM32F4xx_HAL_Driver/Src/stm32f4xx_ll_usb.o
                0x0000000008009078                USB_SetTurnaroundTime
 .text.USB_EnableGlobalInt
                0x00000000080091bc       0x22 ./Drivers/STM32F4xx_HAL_Driver/Src/stm32f4xx_ll_usb.o
                0x00000000080091bc                USB_EnableGlobalInt
 .text.USB_DisableGlobalInt
                0x00000000080091de       0x22 ./Drivers/STM32F4xx_HAL_Driver/Src/stm32f4xx_ll_usb.o
                0x00000000080091de                USB_DisableGlobalInt
 .text.USB_SetCurrentMode
                0x0000000008009200       0x98 ./Drivers/STM32F4xx_HAL_Driver/Src/stm32f4xx_ll_usb.o
                0x0000000008009200                USB_SetCurrentMode
 .text.USB_DevInit
                0x0000000008009298      0x2c8 ./Drivers/STM32F4xx_HAL_Driver/Src/stm32f4xx_ll_usb.o
                0x0000000008009298                USB_DevInit
 .text.USB_FlushTxFifo
                0x0000000008009560       0x48 ./Drivers/STM32F4xx_HAL_Driver/Src/stm32f4xx_ll_usb.o
                0x0000000008009560                USB_FlushTxFifo
 .text.USB_FlushRxFifo
                0x00000000080095a8       0x40 ./Drivers/STM32F4xx_HAL_Driver/Src/stm32f4xx_ll_usb.o
                0x00000000080095a8                USB_FlushRxFifo
 .text.USB_SetDevSpeed
                0x00000000080095e8       0x32 ./Drivers/STM32F4xx_HAL_Driver/Src/stm32f4xx_ll_usb.o
                0x00000000080095e8                USB_SetDevSpeed
 .text.USB_GetDevSpeed
                0x000000000800961a       0x4a ./Drivers/STM32F4xx_HAL_Driver/Src/stm32f4xx_ll_usb.o
                0x000000000800961a                USB_GetDevSpeed
 .text.USB_ActivateEndpoint
                0x0000000008009664      0x10e ./Drivers/STM32F4xx_HAL_Driver/Src/stm32f4xx_ll_usb.o
                0x0000000008009664                USB_ActivateEndpoint
 *fill*         0x0000000008009772        0x2 
 .text.USB_DeactivateEndpoint
                0x0000000008009774      0x1b8 ./Drivers/STM32F4xx_HAL_Driver/Src/stm32f4xx_ll_usb.o
                0x0000000008009774                USB_DeactivateEndpoint
 .text.USB_EPStartXfer
                0x000000000800992c      0x488 ./Drivers/STM32F4xx_HAL_Driver/Src/stm32f4xx_ll_usb.o
                0x000000000800992c                USB_EPStartXfer
 .text.USB_EP0StartXfer
                0x0000000008009db4      0x2a6 ./Drivers/STM32F4xx_HAL_Driver/Src/stm32f4xx_ll_usb.o
                0x0000000008009db4                USB_EP0StartXfer
 .text.USB_WritePacket
                0x000000000800a05a       0x7c ./Drivers/STM32F4xx_HAL_Driver/Src/stm32f4xx_ll_usb.o
                0x000000000800a05a                USB_WritePacket
 .text.USB_ReadPacket
                0x000000000800a0d6       0xb0 ./Drivers/STM32F4xx_HAL_Driver/Src/stm32f4xx_ll_usb.o
                0x000000000800a0d6                USB_ReadPacket
 .text.USB_EPSetStall
                0x000000000800a186       0xdc ./Drivers/STM32F4xx_HAL_Driver/Src/stm32f4xx_ll_usb.o
                0x000000000800a186                USB_EPSetStall
 .text.USB_EPClearStall
                0x000000000800a262       0xcc ./Drivers/STM32F4xx_HAL_Driver/Src/stm32f4xx_ll_usb.o
                0x000000000800a262                USB_EPClearStall
 .text.USB_SetDevAddress
                0x000000000800a32e       0x4c ./Drivers/STM32F4xx_HAL_Driver/Src/stm32f4xx_ll_usb.o
                0x000000000800a32e                USB_SetDevAddress
 .text.USB_DevConnect
                0x000000000800a37a       0x42 ./Drivers/STM32F4xx_HAL_Driver/Src/stm32f4xx_ll_usb.o
                0x000000000800a37a                USB_DevConnect
 .text.USB_DevDisconnect
                0x000000000800a3bc       0x42 ./Drivers/STM32F4xx_HAL_Driver/Src/stm32f4xx_ll_usb.o
                0x000000000800a3bc                USB_DevDisconnect
 .text.USB_ReadInterrupts
                0x000000000800a3fe       0x26 ./Drivers/STM32F4xx_HAL_Driver/Src/stm32f4xx_ll_usb.o
                0x000000000800a3fe                USB_ReadInterrupts
 .text.USB_ReadDevAllOutEpInterrupt
                0x000000000800a424       0x34 ./Drivers/STM32F4xx_HAL_Driver/Src/stm32f4xx_ll_usb.o
                0x000000000800a424                USB_ReadDevAllOutEpInterrupt
 .text.USB_ReadDevAllInEpInterrupt
                0x000000000800a458       0x34 ./Drivers/STM32F4xx_HAL_Driver/Src/stm32f4xx_ll_usb.o
                0x000000000800a458                USB_ReadDevAllInEpInterrupt
 .text.USB_ReadDevOutEPInterrupt
                0x000000000800a48c       0x3c ./Drivers/STM32F4xx_HAL_Driver/Src/stm32f4xx_ll_usb.o
                0x000000000800a48c                USB_ReadDevOutEPInterrupt
 .text.USB_ReadDevInEPInterrupt
                0x000000000800a4c8       0x5c ./Drivers/STM32F4xx_HAL_Driver/Src/stm32f4xx_ll_usb.o
                0x000000000800a4c8                USB_ReadDevInEPInterrupt
 .text.USB_GetMode
                0x000000000800a524       0x1c ./Drivers/STM32F4xx_HAL_Driver/Src/stm32f4xx_ll_usb.o
                0x000000000800a524                USB_GetMode
 .text.USB_ActivateSetup
                0x000000000800a540       0x46 ./Drivers/STM32F4xx_HAL_Driver/Src/stm32f4xx_ll_usb.o
                0x000000000800a540                USB_ActivateSetup
 *fill*         0x000000000800a586        0x2 
 .text.USB_EP0_OutStart
                0x000000000800a588       0xbc ./Drivers/STM32F4xx_HAL_Driver/Src/stm32f4xx_ll_usb.o
                0x000000000800a588                USB_EP0_OutStart
 .text.USB_CoreReset
                0x000000000800a644       0x64 ./Drivers/STM32F4xx_HAL_Driver/Src/stm32f4xx_ll_usb.o
 .text.USBD_CDC_Init
                0x000000000800a6a8       0xfe ./Middlewares/ST/STM32_USB_Device_Library/Class/CDC/Src/usbd_cdc.o
 .text.USBD_CDC_DeInit
                0x000000000800a7a6       0x74 ./Middlewares/ST/STM32_USB_Device_Library/Class/CDC/Src/usbd_cdc.o
 *fill*         0x000000000800a81a        0x2 
 .text.USBD_CDC_Setup
                0x000000000800a81c      0x190 ./Middlewares/ST/STM32_USB_Device_Library/Class/CDC/Src/usbd_cdc.o
 .text.USBD_CDC_DataIn
                0x000000000800a9ac       0xca ./Middlewares/ST/STM32_USB_Device_Library/Class/CDC/Src/usbd_cdc.o
 .text.USBD_CDC_DataOut
                0x000000000800aa76       0x56 ./Middlewares/ST/STM32_USB_Device_Library/Class/CDC/Src/usbd_cdc.o
 .text.USBD_CDC_EP0_RxReady
                0x000000000800aacc       0x5a ./Middlewares/ST/STM32_USB_Device_Library/Class/CDC/Src/usbd_cdc.o
 *fill*         0x000000000800ab26        0x2 
 .text.USBD_CDC_GetFSCfgDesc
                0x000000000800ab28       0x20 ./Middlewares/ST/STM32_USB_Device_Library/Class/CDC/Src/usbd_cdc.o
 .text.USBD_CDC_GetHSCfgDesc
                0x000000000800ab48       0x20 ./Middlewares/ST/STM32_USB_Device_Library/Class/CDC/Src/usbd_cdc.o
 .text.USBD_CDC_GetOtherSpeedCfgDesc
                0x000000000800ab68       0x20 ./Middlewares/ST/STM32_USB_Device_Library/Class/CDC/Src/usbd_cdc.o
 .text.USBD_CDC_GetDeviceQualifierDescriptor
                0x000000000800ab88       0x20 ./Middlewares/ST/STM32_USB_Device_Library/Class/CDC/Src/usbd_cdc.o
                0x000000000800ab88                USBD_CDC_GetDeviceQualifierDescriptor
 .text.USBD_CDC_RegisterInterface
                0x000000000800aba8       0x2a ./Middlewares/ST/STM32_USB_Device_Library/Class/CDC/Src/usbd_cdc.o
                0x000000000800aba8                USBD_CDC_RegisterInterface
 .text.USBD_CDC_SetTxBuffer
                0x000000000800abd2       0x3c ./Middlewares/ST/STM32_USB_Device_Library/Class/CDC/Src/usbd_cdc.o
                0x000000000800abd2                USBD_CDC_SetTxBuffer
 .text.USBD_CDC_SetRxBuffer
                0x000000000800ac0e       0x32 ./Middlewares/ST/STM32_USB_Device_Library/Class/CDC/Src/usbd_cdc.o
                0x000000000800ac0e                USBD_CDC_SetRxBuffer
 .text.USBD_CDC_TransmitPacket
                0x000000000800ac40       0x60 ./Middlewares/ST/STM32_USB_Device_Library/Class/CDC/Src/usbd_cdc.o
                0x000000000800ac40                USBD_CDC_TransmitPacket
 .text.USBD_CDC_ReceivePacket
                0x000000000800aca0       0x54 ./Middlewares/ST/STM32_USB_Device_Library/Class/CDC/Src/usbd_cdc.o
                0x000000000800aca0                USBD_CDC_ReceivePacket
 .text.USBD_Init
                0x000000000800acf4       0x60 ./Middlewares/ST/STM32_USB_Device_Library/Core/Src/usbd_core.o
                0x000000000800acf4                USBD_Init
 .text.USBD_RegisterClass
                0x000000000800ad54       0x4e ./Middlewares/ST/STM32_USB_Device_Library/Core/Src/usbd_core.o
                0x000000000800ad54                USBD_RegisterClass
 .text.USBD_Start
                0x000000000800ada2       0x18 ./Middlewares/ST/STM32_USB_Device_Library/Core/Src/usbd_core.o
                0x000000000800ada2                USBD_Start
 .text.USBD_RunTestMode
                0x000000000800adba       0x16 ./Middlewares/ST/STM32_USB_Device_Library/Core/Src/usbd_core.o
                0x000000000800adba                USBD_RunTestMode
 .text.USBD_SetClassConfig
                0x000000000800add0       0x38 ./Middlewares/ST/STM32_USB_Device_Library/Core/Src/usbd_core.o
                0x000000000800add0                USBD_SetClassConfig
 .text.USBD_ClrClassConfig
                0x000000000800ae08       0x30 ./Middlewares/ST/STM32_USB_Device_Library/Core/Src/usbd_core.o
                0x000000000800ae08                USBD_ClrClassConfig
 .text.USBD_LL_SetupStage
                0x000000000800ae38       0xaa ./Middlewares/ST/STM32_USB_Device_Library/Core/Src/usbd_core.o
                0x000000000800ae38                USBD_LL_SetupStage
 .text.USBD_LL_DataOutStage
                0x000000000800aee2       0xc6 ./Middlewares/ST/STM32_USB_Device_Library/Core/Src/usbd_core.o
                0x000000000800aee2                USBD_LL_DataOutStage
 .text.USBD_LL_DataInStage
                0x000000000800afa8      0x12c ./Middlewares/ST/STM32_USB_Device_Library/Core/Src/usbd_core.o
                0x000000000800afa8                USBD_LL_DataInStage
 .text.USBD_LL_Reset
                0x000000000800b0d4       0x9c ./Middlewares/ST/STM32_USB_Device_Library/Core/Src/usbd_core.o
                0x000000000800b0d4                USBD_LL_Reset
 .text.USBD_LL_SetSpeed
                0x000000000800b170       0x20 ./Middlewares/ST/STM32_USB_Device_Library/Core/Src/usbd_core.o
                0x000000000800b170                USBD_LL_SetSpeed
 .text.USBD_LL_Suspend
                0x000000000800b190       0x2c ./Middlewares/ST/STM32_USB_Device_Library/Core/Src/usbd_core.o
                0x000000000800b190                USBD_LL_Suspend
 .text.USBD_LL_Resume
                0x000000000800b1bc       0x30 ./Middlewares/ST/STM32_USB_Device_Library/Core/Src/usbd_core.o
                0x000000000800b1bc                USBD_LL_Resume
 .text.USBD_LL_SOF
                0x000000000800b1ec       0x44 ./Middlewares/ST/STM32_USB_Device_Library/Core/Src/usbd_core.o
                0x000000000800b1ec                USBD_LL_SOF
 .text.USBD_LL_IsoINIncomplete
                0x000000000800b230       0x4c ./Middlewares/ST/STM32_USB_Device_Library/Core/Src/usbd_core.o
                0x000000000800b230                USBD_LL_IsoINIncomplete
 .text.USBD_LL_IsoOUTIncomplete
                0x000000000800b27c       0x4c ./Middlewares/ST/STM32_USB_Device_Library/Core/Src/usbd_core.o
                0x000000000800b27c                USBD_LL_IsoOUTIncomplete
 .text.USBD_LL_DevConnected
                0x000000000800b2c8       0x16 ./Middlewares/ST/STM32_USB_Device_Library/Core/Src/usbd_core.o
                0x000000000800b2c8                USBD_LL_DevConnected
 .text.USBD_LL_DevDisconnected
                0x000000000800b2de       0x38 ./Middlewares/ST/STM32_USB_Device_Library/Core/Src/usbd_core.o
                0x000000000800b2de                USBD_LL_DevDisconnected
 .text.SWAPBYTE
                0x000000000800b316       0x3c ./Middlewares/ST/STM32_USB_Device_Library/Core/Src/usbd_ctlreq.o
 *fill*         0x000000000800b352        0x2 
 .text.USBD_StdDevReq
                0x000000000800b354       0xdc ./Middlewares/ST/STM32_USB_Device_Library/Core/Src/usbd_ctlreq.o
                0x000000000800b354                USBD_StdDevReq
 .text.USBD_StdItfReq
                0x000000000800b430       0x92 ./Middlewares/ST/STM32_USB_Device_Library/Core/Src/usbd_ctlreq.o
                0x000000000800b430                USBD_StdItfReq
 .text.USBD_StdEPReq
                0x000000000800b4c2      0x2c4 ./Middlewares/ST/STM32_USB_Device_Library/Core/Src/usbd_ctlreq.o
                0x000000000800b4c2                USBD_StdEPReq
 *fill*         0x000000000800b786        0x2 
 .text.USBD_GetDescriptor
                0x000000000800b788      0x2d4 ./Middlewares/ST/STM32_USB_Device_Library/Core/Src/usbd_ctlreq.o
 .text.USBD_SetAddress
                0x000000000800ba5c       0x88 ./Middlewares/ST/STM32_USB_Device_Library/Core/Src/usbd_ctlreq.o
 .text.USBD_SetConfig
                0x000000000800bae4      0x14c ./Middlewares/ST/STM32_USB_Device_Library/Core/Src/usbd_ctlreq.o
 .text.USBD_GetConfig
                0x000000000800bc30       0x6c ./Middlewares/ST/STM32_USB_Device_Library/Core/Src/usbd_ctlreq.o
 .text.USBD_GetStatus
                0x000000000800bc9c       0x68 ./Middlewares/ST/STM32_USB_Device_Library/Core/Src/usbd_ctlreq.o
 .text.USBD_SetFeature
                0x000000000800bd04       0x28 ./Middlewares/ST/STM32_USB_Device_Library/Core/Src/usbd_ctlreq.o
 .text.USBD_ClrFeature
                0x000000000800bd2c       0x44 ./Middlewares/ST/STM32_USB_Device_Library/Core/Src/usbd_ctlreq.o
 .text.USBD_ParseSetupRequest
                0x000000000800bd70       0x74 ./Middlewares/ST/STM32_USB_Device_Library/Core/Src/usbd_ctlreq.o
                0x000000000800bd70                USBD_ParseSetupRequest
 .text.USBD_CtlError
                0x000000000800bde4       0x22 ./Middlewares/ST/STM32_USB_Device_Library/Core/Src/usbd_ctlreq.o
                0x000000000800bde4                USBD_CtlError
 .text.USBD_GetString
                0x000000000800be06       0x8c ./Middlewares/ST/STM32_USB_Device_Library/Core/Src/usbd_ctlreq.o
                0x000000000800be06                USBD_GetString
 .text.USBD_GetLen
                0x000000000800be92       0x34 ./Middlewares/ST/STM32_USB_Device_Library/Core/Src/usbd_ctlreq.o
 .text.USBD_CtlSendData
                0x000000000800bec6       0x36 ./Middlewares/ST/STM32_USB_Device_Library/Core/Src/usbd_ioreq.o
                0x000000000800bec6                USBD_CtlSendData
 .text.USBD_CtlContinueSendData
                0x000000000800befc       0x22 ./Middlewares/ST/STM32_USB_Device_Library/Core/Src/usbd_ioreq.o
                0x000000000800befc                USBD_CtlContinueSendData
 .text.USBD_CtlPrepareRx
                0x000000000800bf1e       0x3a ./Middlewares/ST/STM32_USB_Device_Library/Core/Src/usbd_ioreq.o
                0x000000000800bf1e                USBD_CtlPrepareRx
 .text.USBD_CtlContinueRx
                0x000000000800bf58       0x22 ./Middlewares/ST/STM32_USB_Device_Library/Core/Src/usbd_ioreq.o
                0x000000000800bf58                USBD_CtlContinueRx
 .text.USBD_CtlSendStatus
                0x000000000800bf7a       0x26 ./Middlewares/ST/STM32_USB_Device_Library/Core/Src/usbd_ioreq.o
                0x000000000800bf7a                USBD_CtlSendStatus
 .text.USBD_CtlReceiveStatus
                0x000000000800bfa0       0x26 ./Middlewares/ST/STM32_USB_Device_Library/Core/Src/usbd_ioreq.o
                0x000000000800bfa0                USBD_CtlReceiveStatus
 *fill*         0x000000000800bfc6        0x2 
 .text.MX_USB_DEVICE_Init
                0x000000000800bfc8       0x60 ./USB_DEVICE/App/usb_device.o
                0x000000000800bfc8                MX_USB_DEVICE_Init
 .text.CDC_Init_FS
                0x000000000800c028       0x28 ./USB_DEVICE/App/usbd_cdc_if.o
 .text.CDC_DeInit_FS
                0x000000000800c050       0x10 ./USB_DEVICE/App/usbd_cdc_if.o
 .text.CDC_Control_FS
                0x000000000800c060       0xbc ./USB_DEVICE/App/usbd_cdc_if.o
 .text.CDC_Receive_FS
                0x000000000800c11c       0x28 ./USB_DEVICE/App/usbd_cdc_if.o
 .text.CDC_Transmit_FS
                0x000000000800c144       0x4c ./USB_DEVICE/App/usbd_cdc_if.o
                0x000000000800c144                CDC_Transmit_FS
 .text.CDC_TransmitCplt_FS
                0x000000000800c190       0x22 ./USB_DEVICE/App/usbd_cdc_if.o
 *fill*         0x000000000800c1b2        0x2 
 .text.USBD_FS_DeviceDescriptor
                0x000000000800c1b4       0x24 ./USB_DEVICE/App/usbd_desc.o
                0x000000000800c1b4                USBD_FS_DeviceDescriptor
 .text.USBD_FS_LangIDStrDescriptor
                0x000000000800c1d8       0x24 ./USB_DEVICE/App/usbd_desc.o
                0x000000000800c1d8                USBD_FS_LangIDStrDescriptor
 .text.USBD_FS_ProductStrDescriptor
                0x000000000800c1fc       0x3c ./USB_DEVICE/App/usbd_desc.o
                0x000000000800c1fc                USBD_FS_ProductStrDescriptor
 .text.USBD_FS_ManufacturerStrDescriptor
                0x000000000800c238       0x28 ./USB_DEVICE/App/usbd_desc.o
                0x000000000800c238                USBD_FS_ManufacturerStrDescriptor
 .text.USBD_FS_SerialStrDescriptor
                0x000000000800c260       0x24 ./USB_DEVICE/App/usbd_desc.o
                0x000000000800c260                USBD_FS_SerialStrDescriptor
 .text.USBD_FS_ConfigStrDescriptor
                0x000000000800c284       0x3c ./USB_DEVICE/App/usbd_desc.o
                0x000000000800c284                USBD_FS_ConfigStrDescriptor
 .text.USBD_FS_InterfaceStrDescriptor
                0x000000000800c2c0       0x3c ./USB_DEVICE/App/usbd_desc.o
                0x000000000800c2c0                USBD_FS_InterfaceStrDescriptor
 .text.Get_SerialNum
                0x000000000800c2fc       0x58 ./USB_DEVICE/App/usbd_desc.o
 .text.IntToUnicode
                0x000000000800c354       0x7e ./USB_DEVICE/App/usbd_desc.o
 *fill*         0x000000000800c3d2        0x2 
 .text.HAL_PCD_MspInit
                0x000000000800c3d4       0xa8 ./USB_DEVICE/Target/usbd_conf.o
                0x000000000800c3d4                HAL_PCD_MspInit
 .text.HAL_PCD_SetupStageCallback
                0x000000000800c47c       0x24 ./USB_DEVICE/Target/usbd_conf.o
                0x000000000800c47c                HAL_PCD_SetupStageCallback
 .text.HAL_PCD_DataOutStageCallback
                0x000000000800c4a0       0x36 ./USB_DEVICE/Target/usbd_conf.o
                0x000000000800c4a0                HAL_PCD_DataOutStageCallback
 .text.HAL_PCD_DataInStageCallback
                0x000000000800c4d6       0x34 ./USB_DEVICE/Target/usbd_conf.o
                0x000000000800c4d6                HAL_PCD_DataInStageCallback
 .text.HAL_PCD_SOFCallback
                0x000000000800c50a       0x1c ./USB_DEVICE/Target/usbd_conf.o
                0x000000000800c50a                HAL_PCD_SOFCallback
 .text.HAL_PCD_ResetCallback
                0x000000000800c526       0x50 ./USB_DEVICE/Target/usbd_conf.o
                0x000000000800c526                HAL_PCD_ResetCallback
 *fill*         0x000000000800c576        0x2 
 .text.HAL_PCD_SuspendCallback
                0x000000000800c578       0x4c ./USB_DEVICE/Target/usbd_conf.o
                0x000000000800c578                HAL_PCD_SuspendCallback
 .text.HAL_PCD_ResumeCallback
                0x000000000800c5c4       0x1c ./USB_DEVICE/Target/usbd_conf.o
                0x000000000800c5c4                HAL_PCD_ResumeCallback
 .text.HAL_PCD_ISOOUTIncompleteCallback
                0x000000000800c5e0       0x24 ./USB_DEVICE/Target/usbd_conf.o
                0x000000000800c5e0                HAL_PCD_ISOOUTIncompleteCallback
 .text.HAL_PCD_ISOINIncompleteCallback
                0x000000000800c604       0x24 ./USB_DEVICE/Target/usbd_conf.o
                0x000000000800c604                HAL_PCD_ISOINIncompleteCallback
 .text.HAL_PCD_ConnectCallback
                0x000000000800c628       0x1c ./USB_DEVICE/Target/usbd_conf.o
                0x000000000800c628                HAL_PCD_ConnectCallback
 .text.HAL_PCD_DisconnectCallback
                0x000000000800c644       0x1c ./USB_DEVICE/Target/usbd_conf.o
                0x000000000800c644                HAL_PCD_DisconnectCallback
 .text.USBD_LL_Init
                0x000000000800c660       0x98 ./USB_DEVICE/Target/usbd_conf.o
                0x000000000800c660                USBD_LL_Init
 .text.USBD_LL_Start
                0x000000000800c6f8       0x36 ./USB_DEVICE/Target/usbd_conf.o
                0x000000000800c6f8                USBD_LL_Start
 .text.USBD_LL_OpenEP
                0x000000000800c72e       0x4c ./USB_DEVICE/Target/usbd_conf.o
                0x000000000800c72e                USBD_LL_OpenEP
 .text.USBD_LL_CloseEP
                0x000000000800c77a       0x3e ./USB_DEVICE/Target/usbd_conf.o
                0x000000000800c77a                USBD_LL_CloseEP
 .text.USBD_LL_StallEP
                0x000000000800c7b8       0x3e ./USB_DEVICE/Target/usbd_conf.o
                0x000000000800c7b8                USBD_LL_StallEP
 .text.USBD_LL_ClearStallEP
                0x000000000800c7f6       0x3e ./USB_DEVICE/Target/usbd_conf.o
                0x000000000800c7f6                USBD_LL_ClearStallEP
 .text.USBD_LL_IsStallEP
                0x000000000800c834       0x58 ./USB_DEVICE/Target/usbd_conf.o
                0x000000000800c834                USBD_LL_IsStallEP
 .text.USBD_LL_SetUSBAddress
                0x000000000800c88c       0x3e ./USB_DEVICE/Target/usbd_conf.o
                0x000000000800c88c                USBD_LL_SetUSBAddress
 .text.USBD_LL_Transmit
                0x000000000800c8ca       0x42 ./USB_DEVICE/Target/usbd_conf.o
                0x000000000800c8ca                USBD_LL_Transmit
 .text.USBD_LL_PrepareReceive
                0x000000000800c90c       0x42 ./USB_DEVICE/Target/usbd_conf.o
                0x000000000800c90c                USBD_LL_PrepareReceive
 .text.USBD_LL_GetRxDataSize
                0x000000000800c94e       0x26 ./USB_DEVICE/Target/usbd_conf.o
                0x000000000800c94e                USBD_LL_GetRxDataSize
 .text.USBD_static_malloc
                0x000000000800c974       0x1c ./USB_DEVICE/Target/usbd_conf.o
                0x000000000800c974                USBD_static_malloc
 .text.USBD_static_free
                0x000000000800c990       0x14 ./USB_DEVICE/Target/usbd_conf.o
                0x000000000800c990                USBD_static_free
 .text.USBD_Get_USB_Status
                0x000000000800c9a4       0x58 ./USB_DEVICE/Target/usbd_conf.o
                0x000000000800c9a4                USBD_Get_USB_Status
 .text.__errno  0x000000000800c9fc        0xc /opt/st/stm32cubeide_1.12.1_2/plugins/com.st.stm32cube.ide.mcu.externaltools.gnu-tools-for-stm32.10.3-2021.10.linux64_1.0.200.202301161003/tools/bin/../lib/gcc/arm-none-eabi/10.3.1/../../../../arm-none-eabi/lib/thumb/v7e-m+fp/hard/libc_nano.a(lib_a-errno.o)
                0x000000000800c9fc                __errno
 .text.__libc_init_array
                0x000000000800ca08       0x48 /opt/st/stm32cubeide_1.12.1_2/plugins/com.st.stm32cube.ide.mcu.externaltools.gnu-tools-for-stm32.10.3-2021.10.linux64_1.0.200.202301161003/tools/bin/../lib/gcc/arm-none-eabi/10.3.1/../../../../arm-none-eabi/lib/thumb/v7e-m+fp/hard/libc_nano.a(lib_a-init.o)
                0x000000000800ca08                __libc_init_array
 .text.memmove  0x000000000800ca50       0x34 /opt/st/stm32cubeide_1.12.1_2/plugins/com.st.stm32cube.ide.mcu.externaltools.gnu-tools-for-stm32.10.3-2021.10.linux64_1.0.200.202301161003/tools/bin/../lib/gcc/arm-none-eabi/10.3.1/../../../../arm-none-eabi/lib/thumb/v7e-m+fp/hard/libc_nano.a(lib_a-memmove.o)
                0x000000000800ca50                memmove
 .text.memset   0x000000000800ca84       0x10 /opt/st/stm32cubeide_1.12.1_2/plugins/com.st.stm32cube.ide.mcu.externaltools.gnu-tools-for-stm32.10.3-2021.10.linux64_1.0.200.202301161003/tools/bin/../lib/gcc/arm-none-eabi/10.3.1/../../../../arm-none-eabi/lib/thumb/v7e-m+fp/hard/libc_nano.a(lib_a-memset.o)
                0x000000000800ca84                memset
 .text.__cvt    0x000000000800ca94       0xc4 /opt/st/stm32cubeide_1.12.1_2/plugins/com.st.stm32cube.ide.mcu.externaltools.gnu-tools-for-stm32.10.3-2021.10.linux64_1.0.200.202301161003/tools/bin/../lib/gcc/arm-none-eabi/10.3.1/../../../../arm-none-eabi/lib/thumb/v7e-m+fp/hard/libc_nano.a(lib_a-nano-vfprintf_float.o)
                0x000000000800ca94                __cvt
 .text.__exponent
                0x000000000800cb58       0x7c /opt/st/stm32cubeide_1.12.1_2/plugins/com.st.stm32cube.ide.mcu.externaltools.gnu-tools-for-stm32.10.3-2021.10.linux64_1.0.200.202301161003/tools/bin/../lib/gcc/arm-none-eabi/10.3.1/../../../../arm-none-eabi/lib/thumb/v7e-m+fp/hard/libc_nano.a(lib_a-nano-vfprintf_float.o)
                0x000000000800cb58                __exponent
 .text._printf_float
                0x000000000800cbd4      0x46c /opt/st/stm32cubeide_1.12.1_2/plugins/com.st.stm32cube.ide.mcu.externaltools.gnu-tools-for-stm32.10.3-2021.10.linux64_1.0.200.202301161003/tools/bin/../lib/gcc/arm-none-eabi/10.3.1/../../../../arm-none-eabi/lib/thumb/v7e-m+fp/hard/libc_nano.a(lib_a-nano-vfprintf_float.o)
                0x000000000800cbd4                _printf_float
 .text._printf_common
                0x000000000800d040       0xda /opt/st/stm32cubeide_1.12.1_2/plugins/com.st.stm32cube.ide.mcu.externaltools.gnu-tools-for-stm32.10.3-2021.10.linux64_1.0.200.202301161003/tools/bin/../lib/gcc/arm-none-eabi/10.3.1/../../../../arm-none-eabi/lib/thumb/v7e-m+fp/hard/libc_nano.a(lib_a-nano-vfprintf_i.o)
                0x000000000800d040                _printf_common
 *fill*         0x000000000800d11a        0x2 
 .text._printf_i
                0x000000000800d11c      0x24c /opt/st/stm32cubeide_1.12.1_2/plugins/com.st.stm32cube.ide.mcu.externaltools.gnu-tools-for-stm32.10.3-2021.10.linux64_1.0.200.202301161003/tools/bin/../lib/gcc/arm-none-eabi/10.3.1/../../../../arm-none-eabi/lib/thumb/v7e-m+fp/hard/libc_nano.a(lib_a-nano-vfprintf_i.o)
                0x000000000800d11c                _printf_i
 .text.sprintf  0x000000000800d368       0x40 /opt/st/stm32cubeide_1.12.1_2/plugins/com.st.stm32cube.ide.mcu.externaltools.gnu-tools-for-stm32.10.3-2021.10.linux64_1.0.200.202301161003/tools/bin/../lib/gcc/arm-none-eabi/10.3.1/../../../../arm-none-eabi/lib/thumb/v7e-m+fp/hard/libc_nano.a(lib_a-sprintf.o)
                0x000000000800d368                sprintf
                0x000000000800d368                siprintf
 .text.quorem   0x000000000800d3a8      0x116 /opt/st/stm32cubeide_1.12.1_2/plugins/com.st.stm32cube.ide.mcu.externaltools.gnu-tools-for-stm32.10.3-2021.10.linux64_1.0.200.202301161003/tools/bin/../lib/gcc/arm-none-eabi/10.3.1/../../../../arm-none-eabi/lib/thumb/v7e-m+fp/hard/libc_nano.a(lib_a-dtoa.o)
 *fill*         0x000000000800d4be        0x2 
 .text._dtoa_r  0x000000000800d4c0      0xbdc /opt/st/stm32cubeide_1.12.1_2/plugins/com.st.stm32cube.ide.mcu.externaltools.gnu-tools-for-stm32.10.3-2021.10.linux64_1.0.200.202301161003/tools/bin/../lib/gcc/arm-none-eabi/10.3.1/../../../../arm-none-eabi/lib/thumb/v7e-m+fp/hard/libc_nano.a(lib_a-dtoa.o)
                0x000000000800d4c0                _dtoa_r
 .text._localeconv_r
                0x000000000800e09c        0x8 /opt/st/stm32cubeide_1.12.1_2/plugins/com.st.stm32cube.ide.mcu.externaltools.gnu-tools-for-stm32.10.3-2021.10.linux64_1.0.200.202301161003/tools/bin/../lib/gcc/arm-none-eabi/10.3.1/../../../../arm-none-eabi/lib/thumb/v7e-m+fp/hard/libc_nano.a(lib_a-localeconv.o)
                0x000000000800e09c                _localeconv_r
 .text.malloc   0x000000000800e0a4       0x10 /opt/st/stm32cubeide_1.12.1_2/plugins/com.st.stm32cube.ide.mcu.externaltools.gnu-tools-for-stm32.10.3-2021.10.linux64_1.0.200.202301161003/tools/bin/../lib/gcc/arm-none-eabi/10.3.1/../../../../arm-none-eabi/lib/thumb/v7e-m+fp/hard/libc_nano.a(lib_a-malloc.o)
                0x000000000800e0a4                malloc
 .text.memcpy   0x000000000800e0b4       0x1c /opt/st/stm32cubeide_1.12.1_2/plugins/com.st.stm32cube.ide.mcu.externaltools.gnu-tools-for-stm32.10.3-2021.10.linux64_1.0.200.202301161003/tools/bin/../lib/gcc/arm-none-eabi/10.3.1/../../../../arm-none-eabi/lib/thumb/v7e-m+fp/hard/libc_nano.a(lib_a-memcpy-stub.o)
                0x000000000800e0b4                memcpy
 .text._Balloc  0x000000000800e0d0       0x80 /opt/st/stm32cubeide_1.12.1_2/plugins/com.st.stm32cube.ide.mcu.externaltools.gnu-tools-for-stm32.10.3-2021.10.linux64_1.0.200.202301161003/tools/bin/../lib/gcc/arm-none-eabi/10.3.1/../../../../arm-none-eabi/lib/thumb/v7e-m+fp/hard/libc_nano.a(lib_a-mprec.o)
                0x000000000800e0d0                _Balloc
 .text._Bfree   0x000000000800e150       0x44 /opt/st/stm32cubeide_1.12.1_2/plugins/com.st.stm32cube.ide.mcu.externaltools.gnu-tools-for-stm32.10.3-2021.10.linux64_1.0.200.202301161003/tools/bin/../lib/gcc/arm-none-eabi/10.3.1/../../../../arm-none-eabi/lib/thumb/v7e-m+fp/hard/libc_nano.a(lib_a-mprec.o)
                0x000000000800e150                _Bfree
 .text.__multadd
                0x000000000800e194       0x8c /opt/st/stm32cubeide_1.12.1_2/plugins/com.st.stm32cube.ide.mcu.externaltools.gnu-tools-for-stm32.10.3-2021.10.linux64_1.0.200.202301161003/tools/bin/../lib/gcc/arm-none-eabi/10.3.1/../../../../arm-none-eabi/lib/thumb/v7e-m+fp/hard/libc_nano.a(lib_a-mprec.o)
                0x000000000800e194                __multadd
 .text.__hi0bits
                0x000000000800e220       0x40 /opt/st/stm32cubeide_1.12.1_2/plugins/com.st.stm32cube.ide.mcu.externaltools.gnu-tools-for-stm32.10.3-2021.10.linux64_1.0.200.202301161003/tools/bin/../lib/gcc/arm-none-eabi/10.3.1/../../../../arm-none-eabi/lib/thumb/v7e-m+fp/hard/libc_nano.a(lib_a-mprec.o)
                0x000000000800e220                __hi0bits
 .text.__lo0bits
                0x000000000800e260       0x5e /opt/st/stm32cubeide_1.12.1_2/plugins/com.st.stm32cube.ide.mcu.externaltools.gnu-tools-for-stm32.10.3-2021.10.linux64_1.0.200.202301161003/tools/bin/../lib/gcc/arm-none-eabi/10.3.1/../../../../arm-none-eabi/lib/thumb/v7e-m+fp/hard/libc_nano.a(lib_a-mprec.o)
                0x000000000800e260                __lo0bits
 *fill*         0x000000000800e2be        0x2 
 .text.__i2b    0x000000000800e2c0       0x2c /opt/st/stm32cubeide_1.12.1_2/plugins/com.st.stm32cube.ide.mcu.externaltools.gnu-tools-for-stm32.10.3-2021.10.linux64_1.0.200.202301161003/tools/bin/../lib/gcc/arm-none-eabi/10.3.1/../../../../arm-none-eabi/lib/thumb/v7e-m+fp/hard/libc_nano.a(lib_a-mprec.o)
                0x000000000800e2c0                __i2b
 .text.__multiply
                0x000000000800e2ec      0x154 /opt/st/stm32cubeide_1.12.1_2/plugins/com.st.stm32cube.ide.mcu.externaltools.gnu-tools-for-stm32.10.3-2021.10.linux64_1.0.200.202301161003/tools/bin/../lib/gcc/arm-none-eabi/10.3.1/../../../../arm-none-eabi/lib/thumb/v7e-m+fp/hard/libc_nano.a(lib_a-mprec.o)
                0x000000000800e2ec                __multiply
 .text.__pow5mult
                0x000000000800e440       0xb4 /opt/st/stm32cubeide_1.12.1_2/plugins/com.st.stm32cube.ide.mcu.externaltools.gnu-tools-for-stm32.10.3-2021.10.linux64_1.0.200.202301161003/tools/bin/../lib/gcc/arm-none-eabi/10.3.1/../../../../arm-none-eabi/lib/thumb/v7e-m+fp/hard/libc_nano.a(lib_a-mprec.o)
                0x000000000800e440                __pow5mult
 .text.__lshift
                0x000000000800e4f4       0xe0 /opt/st/stm32cubeide_1.12.1_2/plugins/com.st.stm32cube.ide.mcu.externaltools.gnu-tools-for-stm32.10.3-2021.10.linux64_1.0.200.202301161003/tools/bin/../lib/gcc/arm-none-eabi/10.3.1/../../../../arm-none-eabi/lib/thumb/v7e-m+fp/hard/libc_nano.a(lib_a-mprec.o)
                0x000000000800e4f4                __lshift
 .text.__mcmp   0x000000000800e5d4       0x38 /opt/st/stm32cubeide_1.12.1_2/plugins/com.st.stm32cube.ide.mcu.externaltools.gnu-tools-for-stm32.10.3-2021.10.linux64_1.0.200.202301161003/tools/bin/../lib/gcc/arm-none-eabi/10.3.1/../../../../arm-none-eabi/lib/thumb/v7e-m+fp/hard/libc_nano.a(lib_a-mprec.o)
                0x000000000800e5d4                __mcmp
 .text.__mdiff  0x000000000800e60c      0x114 /opt/st/stm32cubeide_1.12.1_2/plugins/com.st.stm32cube.ide.mcu.externaltools.gnu-tools-for-stm32.10.3-2021.10.linux64_1.0.200.202301161003/tools/bin/../lib/gcc/arm-none-eabi/10.3.1/../../../../arm-none-eabi/lib/thumb/v7e-m+fp/hard/libc_nano.a(lib_a-mprec.o)
                0x000000000800e60c                __mdiff
 .text.__d2b    0x000000000800e720       0xb8 /opt/st/stm32cubeide_1.12.1_2/plugins/com.st.stm32cube.ide.mcu.externaltools.gnu-tools-for-stm32.10.3-2021.10.linux64_1.0.200.202301161003/tools/bin/../lib/gcc/arm-none-eabi/10.3.1/../../../../arm-none-eabi/lib/thumb/v7e-m+fp/hard/libc_nano.a(lib_a-mprec.o)
                0x000000000800e720                __d2b
 .text._calloc_r
                0x000000000800e7d8       0x2c /opt/st/stm32cubeide_1.12.1_2/plugins/com.st.stm32cube.ide.mcu.externaltools.gnu-tools-for-stm32.10.3-2021.10.linux64_1.0.200.202301161003/tools/bin/../lib/gcc/arm-none-eabi/10.3.1/../../../../arm-none-eabi/lib/thumb/v7e-m+fp/hard/libc_nano.a(lib_a-nano-callocr.o)
                0x000000000800e7d8                _calloc_r
 .text._free_r  0x000000000800e804       0x98 /opt/st/stm32cubeide_1.12.1_2/plugins/com.st.stm32cube.ide.mcu.externaltools.gnu-tools-for-stm32.10.3-2021.10.linux64_1.0.200.202301161003/tools/bin/../lib/gcc/arm-none-eabi/10.3.1/../../../../arm-none-eabi/lib/thumb/v7e-m+fp/hard/libc_nano.a(lib_a-nano-freer.o)
                0x000000000800e804                _free_r
 .text.sbrk_aligned
                0x000000000800e89c       0x40 /opt/st/stm32cubeide_1.12.1_2/plugins/com.st.stm32cube.ide.mcu.externaltools.gnu-tools-for-stm32.10.3-2021.10.linux64_1.0.200.202301161003/tools/bin/../lib/gcc/arm-none-eabi/10.3.1/../../../../arm-none-eabi/lib/thumb/v7e-m+fp/hard/libc_nano.a(lib_a-nano-mallocr.o)
 .text._malloc_r
                0x000000000800e8dc       0xe8 /opt/st/stm32cubeide_1.12.1_2/plugins/com.st.stm32cube.ide.mcu.externaltools.gnu-tools-for-stm32.10.3-2021.10.linux64_1.0.200.202301161003/tools/bin/../lib/gcc/arm-none-eabi/10.3.1/../../../../arm-none-eabi/lib/thumb/v7e-m+fp/hard/libc_nano.a(lib_a-nano-mallocr.o)
                0x000000000800e8dc                _malloc_r
 .text.__ssputs_r
                0x000000000800e9c4       0xb6 /opt/st/stm32cubeide_1.12.1_2/plugins/com.st.stm32cube.ide.mcu.externaltools.gnu-tools-for-stm32.10.3-2021.10.linux64_1.0.200.202301161003/tools/bin/../lib/gcc/arm-none-eabi/10.3.1/../../../../arm-none-eabi/lib/thumb/v7e-m+fp/hard/libc_nano.a(lib_a-nano-svfprintf.o)
                0x000000000800e9c4                __ssputs_r
 *fill*         0x000000000800ea7a        0x2 
 .text._svfprintf_r
                0x000000000800ea7c      0x200 /opt/st/stm32cubeide_1.12.1_2/plugins/com.st.stm32cube.ide.mcu.externaltools.gnu-tools-for-stm32.10.3-2021.10.linux64_1.0.200.202301161003/tools/bin/../lib/gcc/arm-none-eabi/10.3.1/../../../../arm-none-eabi/lib/thumb/v7e-m+fp/hard/libc_nano.a(lib_a-nano-svfprintf.o)
                0x000000000800ea7c                _svfprintf_r
                0x000000000800ea7c                _svfiprintf_r
 .text._sbrk_r  0x000000000800ec7c       0x20 /opt/st/stm32cubeide_1.12.1_2/plugins/com.st.stm32cube.ide.mcu.externaltools.gnu-tools-for-stm32.10.3-2021.10.linux64_1.0.200.202301161003/tools/bin/../lib/gcc/arm-none-eabi/10.3.1/../../../../arm-none-eabi/lib/thumb/v7e-m+fp/hard/libc_nano.a(lib_a-sbrkr.o)
                0x000000000800ec7c                _sbrk_r
 .text.__assert_func
                0x000000000800ec9c       0x3c /opt/st/stm32cubeide_1.12.1_2/plugins/com.st.stm32cube.ide.mcu.externaltools.gnu-tools-for-stm32.10.3-2021.10.linux64_1.0.200.202301161003/tools/bin/../lib/gcc/arm-none-eabi/10.3.1/../../../../arm-none-eabi/lib/thumb/v7e-m+fp/hard/libc_nano.a(lib_a-assert.o)
                0x000000000800ec9c                __assert_func
 .text.fprintf  0x000000000800ecd8       0x24 /opt/st/stm32cubeide_1.12.1_2/plugins/com.st.stm32cube.ide.mcu.externaltools.gnu-tools-for-stm32.10.3-2021.10.linux64_1.0.200.202301161003/tools/bin/../lib/gcc/arm-none-eabi/10.3.1/../../../../arm-none-eabi/lib/thumb/v7e-m+fp/hard/libc_nano.a(lib_a-fprintf.o)
                0x000000000800ecd8                fprintf
                0x000000000800ecd8                fiprintf
 .text.__ascii_mbtowc
                0x000000000800ecfc       0x24 /opt/st/stm32cubeide_1.12.1_2/plugins/com.st.stm32cube.ide.mcu.externaltools.gnu-tools-for-stm32.10.3-2021.10.linux64_1.0.200.202301161003/tools/bin/../lib/gcc/arm-none-eabi/10.3.1/../../../../arm-none-eabi/lib/thumb/v7e-m+fp/hard/libc_nano.a(lib_a-mbtowc_r.o)
                0x000000000800ecfc                __ascii_mbtowc
 .text.__malloc_lock
                0x000000000800ed20        0xc /opt/st/stm32cubeide_1.12.1_2/plugins/com.st.stm32cube.ide.mcu.externaltools.gnu-tools-for-stm32.10.3-2021.10.linux64_1.0.200.202301161003/tools/bin/../lib/gcc/arm-none-eabi/10.3.1/../../../../arm-none-eabi/lib/thumb/v7e-m+fp/hard/libc_nano.a(lib_a-mlock.o)
                0x000000000800ed20                __malloc_lock
 .text.__malloc_unlock
                0x000000000800ed2c        0xc /opt/st/stm32cubeide_1.12.1_2/plugins/com.st.stm32cube.ide.mcu.externaltools.gnu-tools-for-stm32.10.3-2021.10.linux64_1.0.200.202301161003/tools/bin/../lib/gcc/arm-none-eabi/10.3.1/../../../../arm-none-eabi/lib/thumb/v7e-m+fp/hard/libc_nano.a(lib_a-mlock.o)
                0x000000000800ed2c                __malloc_unlock
 .text._realloc_r
                0x000000000800ed38       0x5e /opt/st/stm32cubeide_1.12.1_2/plugins/com.st.stm32cube.ide.mcu.externaltools.gnu-tools-for-stm32.10.3-2021.10.linux64_1.0.200.202301161003/tools/bin/../lib/gcc/arm-none-eabi/10.3.1/../../../../arm-none-eabi/lib/thumb/v7e-m+fp/hard/libc_nano.a(lib_a-nano-reallocr.o)
                0x000000000800ed38                _realloc_r
 .text.__sfputc_r
                0x000000000800ed96       0x2e /opt/st/stm32cubeide_1.12.1_2/plugins/com.st.stm32cube.ide.mcu.externaltools.gnu-tools-for-stm32.10.3-2021.10.linux64_1.0.200.202301161003/tools/bin/../lib/gcc/arm-none-eabi/10.3.1/../../../../arm-none-eabi/lib/thumb/v7e-m+fp/hard/libc_nano.a(lib_a-nano-vfprintf.o)
 .text.__sfputs_r
                0x000000000800edc4       0x24 /opt/st/stm32cubeide_1.12.1_2/plugins/com.st.stm32cube.ide.mcu.externaltools.gnu-tools-for-stm32.10.3-2021.10.linux64_1.0.200.202301161003/tools/bin/../lib/gcc/arm-none-eabi/10.3.1/../../../../arm-none-eabi/lib/thumb/v7e-m+fp/hard/libc_nano.a(lib_a-nano-vfprintf.o)
                0x000000000800edc4                __sfputs_r
 .text._vfprintf_r
                0x000000000800ede8      0x260 /opt/st/stm32cubeide_1.12.1_2/plugins/com.st.stm32cube.ide.mcu.externaltools.gnu-tools-for-stm32.10.3-2021.10.linux64_1.0.200.202301161003/tools/bin/../lib/gcc/arm-none-eabi/10.3.1/../../../../arm-none-eabi/lib/thumb/v7e-m+fp/hard/libc_nano.a(lib_a-nano-vfprintf.o)
                0x000000000800ede8                _vfiprintf_r
                0x000000000800ede8                _vfprintf_r
 .text.__swbuf_r
                0x000000000800f048       0xa4 /opt/st/stm32cubeide_1.12.1_2/plugins/com.st.stm32cube.ide.mcu.externaltools.gnu-tools-for-stm32.10.3-2021.10.linux64_1.0.200.202301161003/tools/bin/../lib/gcc/arm-none-eabi/10.3.1/../../../../arm-none-eabi/lib/thumb/v7e-m+fp/hard/libc_nano.a(lib_a-wbuf.o)
                0x000000000800f048                __swbuf_r
 .text.__ascii_wctomb
                0x000000000800f0ec       0x1a /opt/st/stm32cubeide_1.12.1_2/plugins/com.st.stm32cube.ide.mcu.externaltools.gnu-tools-for-stm32.10.3-2021.10.linux64_1.0.200.202301161003/tools/bin/../lib/gcc/arm-none-eabi/10.3.1/../../../../arm-none-eabi/lib/thumb/v7e-m+fp/hard/libc_nano.a(lib_a-wctomb_r.o)
                0x000000000800f0ec                __ascii_wctomb
 *fill*         0x000000000800f106        0x2 
 .text.__swsetup_r
                0x000000000800f108       0xdc /opt/st/stm32cubeide_1.12.1_2/plugins/com.st.stm32cube.ide.mcu.externaltools.gnu-tools-for-stm32.10.3-2021.10.linux64_1.0.200.202301161003/tools/bin/../lib/gcc/arm-none-eabi/10.3.1/../../../../arm-none-eabi/lib/thumb/v7e-m+fp/hard/libc_nano.a(lib_a-wsetup.o)
                0x000000000800f108                __swsetup_r
 .text.abort    0x000000000800f1e4        0xe /opt/st/stm32cubeide_1.12.1_2/plugins/com.st.stm32cube.ide.mcu.externaltools.gnu-tools-for-stm32.10.3-2021.10.linux64_1.0.200.202301161003/tools/bin/../lib/gcc/arm-none-eabi/10.3.1/../../../../arm-none-eabi/lib/thumb/v7e-m+fp/hard/libc_nano.a(lib_a-abort.o)
                0x000000000800f1e4                abort
 *fill*         0x000000000800f1f2        0x2 
 .text.__sflush_r
                0x000000000800f1f4      0x10c /opt/st/stm32cubeide_1.12.1_2/plugins/com.st.stm32cube.ide.mcu.externaltools.gnu-tools-for-stm32.10.3-2021.10.linux64_1.0.200.202301161003/tools/bin/../lib/gcc/arm-none-eabi/10.3.1/../../../../arm-none-eabi/lib/thumb/v7e-m+fp/hard/libc_nano.a(lib_a-fflush.o)
                0x000000000800f1f4                __sflush_r
 .text._fflush_r
                0x000000000800f300       0x78 /opt/st/stm32cubeide_1.12.1_2/plugins/com.st.stm32cube.ide.mcu.externaltools.gnu-tools-for-stm32.10.3-2021.10.linux64_1.0.200.202301161003/tools/bin/../lib/gcc/arm-none-eabi/10.3.1/../../../../arm-none-eabi/lib/thumb/v7e-m+fp/hard/libc_nano.a(lib_a-fflush.o)
                0x000000000800f300                _fflush_r
 .text.std      0x000000000800f378       0x48 /opt/st/stm32cubeide_1.12.1_2/plugins/com.st.stm32cube.ide.mcu.externaltools.gnu-tools-for-stm32.10.3-2021.10.linux64_1.0.200.202301161003/tools/bin/../lib/gcc/arm-none-eabi/10.3.1/../../../../arm-none-eabi/lib/thumb/v7e-m+fp/hard/libc_nano.a(lib_a-findfp.o)
 .text._cleanup_r
                0x000000000800f3c0        0xc /opt/st/stm32cubeide_1.12.1_2/plugins/com.st.stm32cube.ide.mcu.externaltools.gnu-tools-for-stm32.10.3-2021.10.linux64_1.0.200.202301161003/tools/bin/../lib/gcc/arm-none-eabi/10.3.1/../../../../arm-none-eabi/lib/thumb/v7e-m+fp/hard/libc_nano.a(lib_a-findfp.o)
                0x000000000800f3c0                _cleanup_r
 .text.__sfmoreglue
                0x000000000800f3cc       0x2c /opt/st/stm32cubeide_1.12.1_2/plugins/com.st.stm32cube.ide.mcu.externaltools.gnu-tools-for-stm32.10.3-2021.10.linux64_1.0.200.202301161003/tools/bin/../lib/gcc/arm-none-eabi/10.3.1/../../../../arm-none-eabi/lib/thumb/v7e-m+fp/hard/libc_nano.a(lib_a-findfp.o)
                0x000000000800f3cc                __sfmoreglue
 .text.__sfp_lock_acquire
                0x000000000800f3f8        0xc /opt/st/stm32cubeide_1.12.1_2/plugins/com.st.stm32cube.ide.mcu.externaltools.gnu-tools-for-stm32.10.3-2021.10.linux64_1.0.200.202301161003/tools/bin/../lib/gcc/arm-none-eabi/10.3.1/../../../../arm-none-eabi/lib/thumb/v7e-m+fp/hard/libc_nano.a(lib_a-findfp.o)
                0x000000000800f3f8                __sfp_lock_acquire
 .text.__sfp_lock_release
                0x000000000800f404        0xc /opt/st/stm32cubeide_1.12.1_2/plugins/com.st.stm32cube.ide.mcu.externaltools.gnu-tools-for-stm32.10.3-2021.10.linux64_1.0.200.202301161003/tools/bin/../lib/gcc/arm-none-eabi/10.3.1/../../../../arm-none-eabi/lib/thumb/v7e-m+fp/hard/libc_nano.a(lib_a-findfp.o)
                0x000000000800f404                __sfp_lock_release
 .text.__sinit_lock_acquire
                0x000000000800f410        0xc /opt/st/stm32cubeide_1.12.1_2/plugins/com.st.stm32cube.ide.mcu.externaltools.gnu-tools-for-stm32.10.3-2021.10.linux64_1.0.200.202301161003/tools/bin/../lib/gcc/arm-none-eabi/10.3.1/../../../../arm-none-eabi/lib/thumb/v7e-m+fp/hard/libc_nano.a(lib_a-findfp.o)
                0x000000000800f410                __sinit_lock_acquire
 .text.__sinit_lock_release
                0x000000000800f41c        0xc /opt/st/stm32cubeide_1.12.1_2/plugins/com.st.stm32cube.ide.mcu.externaltools.gnu-tools-for-stm32.10.3-2021.10.linux64_1.0.200.202301161003/tools/bin/../lib/gcc/arm-none-eabi/10.3.1/../../../../arm-none-eabi/lib/thumb/v7e-m+fp/hard/libc_nano.a(lib_a-findfp.o)
                0x000000000800f41c                __sinit_lock_release
 .text.__sinit  0x000000000800f428       0x70 /opt/st/stm32cubeide_1.12.1_2/plugins/com.st.stm32cube.ide.mcu.externaltools.gnu-tools-for-stm32.10.3-2021.10.linux64_1.0.200.202301161003/tools/bin/../lib/gcc/arm-none-eabi/10.3.1/../../../../arm-none-eabi/lib/thumb/v7e-m+fp/hard/libc_nano.a(lib_a-findfp.o)
                0x000000000800f428                __sinit
 .text.__sfp    0x000000000800f498       0x8c /opt/st/stm32cubeide_1.12.1_2/plugins/com.st.stm32cube.ide.mcu.externaltools.gnu-tools-for-stm32.10.3-2021.10.linux64_1.0.200.202301161003/tools/bin/../lib/gcc/arm-none-eabi/10.3.1/../../../../arm-none-eabi/lib/thumb/v7e-m+fp/hard/libc_nano.a(lib_a-findfp.o)
                0x000000000800f498                __sfp
 .text._fwalk_reent
                0x000000000800f524       0x3e /opt/st/stm32cubeide_1.12.1_2/plugins/com.st.stm32cube.ide.mcu.externaltools.gnu-tools-for-stm32.10.3-2021.10.linux64_1.0.200.202301161003/tools/bin/../lib/gcc/arm-none-eabi/10.3.1/../../../../arm-none-eabi/lib/thumb/v7e-m+fp/hard/libc_nano.a(lib_a-fwalk.o)
                0x000000000800f524                _fwalk_reent
 .text.__retarget_lock_init_recursive
                0x000000000800f562        0x2 /opt/st/stm32cubeide_1.12.1_2/plugins/com.st.stm32cube.ide.mcu.externaltools.gnu-tools-for-stm32.10.3-2021.10.linux64_1.0.200.202301161003/tools/bin/../lib/gcc/arm-none-eabi/10.3.1/../../../../arm-none-eabi/lib/thumb/v7e-m+fp/hard/libc_nano.a(lib_a-lock.o)
                0x000000000800f562                __retarget_lock_init_recursive
 .text.__retarget_lock_acquire_recursive
                0x000000000800f564        0x2 /opt/st/stm32cubeide_1.12.1_2/plugins/com.st.stm32cube.ide.mcu.externaltools.gnu-tools-for-stm32.10.3-2021.10.linux64_1.0.200.202301161003/tools/bin/../lib/gcc/arm-none-eabi/10.3.1/../../../../arm-none-eabi/lib/thumb/v7e-m+fp/hard/libc_nano.a(lib_a-lock.o)
                0x000000000800f564                __retarget_lock_acquire_recursive
 .text.__retarget_lock_release_recursive
                0x000000000800f566        0x2 /opt/st/stm32cubeide_1.12.1_2/plugins/com.st.stm32cube.ide.mcu.externaltools.gnu-tools-for-stm32.10.3-2021.10.linux64_1.0.200.202301161003/tools/bin/../lib/gcc/arm-none-eabi/10.3.1/../../../../arm-none-eabi/lib/thumb/v7e-m+fp/hard/libc_nano.a(lib_a-lock.o)
                0x000000000800f566                __retarget_lock_release_recursive
 .text.__swhatbuf_r
                0x000000000800f568       0x4a /opt/st/stm32cubeide_1.12.1_2/plugins/com.st.stm32cube.ide.mcu.externaltools.gnu-tools-for-stm32.10.3-2021.10.linux64_1.0.200.202301161003/tools/bin/../lib/gcc/arm-none-eabi/10.3.1/../../../../arm-none-eabi/lib/thumb/v7e-m+fp/hard/libc_nano.a(lib_a-makebuf.o)
                0x000000000800f568                __swhatbuf_r
 *fill*         0x000000000800f5b2        0x2 
 .text.__smakebuf_r
                0x000000000800f5b4       0x80 /opt/st/stm32cubeide_1.12.1_2/plugins/com.st.stm32cube.ide.mcu.externaltools.gnu-tools-for-stm32.10.3-2021.10.linux64_1.0.200.202301161003/tools/bin/../lib/gcc/arm-none-eabi/10.3.1/../../../../arm-none-eabi/lib/thumb/v7e-m+fp/hard/libc_nano.a(lib_a-makebuf.o)
                0x000000000800f5b4                __smakebuf_r
 .text._malloc_usable_size_r
                0x000000000800f634       0x10 /opt/st/stm32cubeide_1.12.1_2/plugins/com.st.stm32cube.ide.mcu.externaltools.gnu-tools-for-stm32.10.3-2021.10.linux64_1.0.200.202301161003/tools/bin/../lib/gcc/arm-none-eabi/10.3.1/../../../../arm-none-eabi/lib/thumb/v7e-m+fp/hard/libc_nano.a(lib_a-nano-msizer.o)
                0x000000000800f634                _malloc_usable_size_r
 .text._raise_r
                0x000000000800f644       0x50 /opt/st/stm32cubeide_1.12.1_2/plugins/com.st.stm32cube.ide.mcu.externaltools.gnu-tools-for-stm32.10.3-2021.10.linux64_1.0.200.202301161003/tools/bin/../lib/gcc/arm-none-eabi/10.3.1/../../../../arm-none-eabi/lib/thumb/v7e-m+fp/hard/libc_nano.a(lib_a-signal.o)
                0x000000000800f644                _raise_r
 .text.raise    0x000000000800f694       0x10 /opt/st/stm32cubeide_1.12.1_2/plugins/com.st.stm32cube.ide.mcu.externaltools.gnu-tools-for-stm32.10.3-2021.10.linux64_1.0.200.202301161003/tools/bin/../lib/gcc/arm-none-eabi/10.3.1/../../../../arm-none-eabi/lib/thumb/v7e-m+fp/hard/libc_nano.a(lib_a-signal.o)
                0x000000000800f694                raise
 .text._kill_r  0x000000000800f6a4       0x24 /opt/st/stm32cubeide_1.12.1_2/plugins/com.st.stm32cube.ide.mcu.externaltools.gnu-tools-for-stm32.10.3-2021.10.linux64_1.0.200.202301161003/tools/bin/../lib/gcc/arm-none-eabi/10.3.1/../../../../arm-none-eabi/lib/thumb/v7e-m+fp/hard/libc_nano.a(lib_a-signalr.o)
                0x000000000800f6a4                _kill_r
 .text._getpid_r
                0x000000000800f6c8        0x4 /opt/st/stm32cubeide_1.12.1_2/plugins/com.st.stm32cube.ide.mcu.externaltools.gnu-tools-for-stm32.10.3-2021.10.linux64_1.0.200.202301161003/tools/bin/../lib/gcc/arm-none-eabi/10.3.1/../../../../arm-none-eabi/lib/thumb/v7e-m+fp/hard/libc_nano.a(lib_a-signalr.o)
                0x000000000800f6c8                _getpid_r