../Core/Src/main.c:127:6:HAL_TIM_PeriodElapsedCallback	112	static
../Core/Src/main.c:154:10:us_since_startup	16	static
../Core/Src/main.c:161:10:get_and_reset_dt_us	16	static
../Core/Src/main.c:169:6:HAL_UART_TxCpltCallback	16	static
../Core/Src/main.c:178:6:HAL_UART_RxCpltCallback	16	static
../Core/Src/main.c:187:6:HAL_UART_ErrorCallback	16	static
../Core/Src/main.c:196:6:dead_mans_switch_activated	8	static
../Core/Src/main.c:209:6:dead_mans_switch_update_led	16	static
../Core/Src/main.c:221:6:setup_mpu	48	static
../Core/Src/main.c:236:9:get_accelerometer_data	208	static
../Core/Src/main.c:330:5:main	1048	static
../Core/Src/main.c:696:6:SystemClock_Config	88	static
../Core/Src/main.c:740:13:MX_I2C2_Init	8	static
../Core/Src/main.c:774:13:MX_TIM1_Init	32	static
../Core/Src/main.c:820:13:MX_TIM2_Init	32	static
../Core/Src/main.c:865:13:MX_USART2_UART_Init	8	static
../Core/Src/main.c:898:13:MX_USART3_UART_Init	8	static
../Core/Src/main.c:931:13:MX_GPIO_Init	48	static
../Core/Src/main.c:970:6:Error_Handler	4	static,ignoring_inline_asm
