../Core/Src/main.c:128:6:HAL_TIM_PeriodElapsedCallback	112	static
../Core/Src/main.c:155:10:us_since_startup	16	static
../Core/Src/main.c:162:10:get_and_reset_dt_us	16	static
../Core/Src/main.c:170:6:HAL_UART_TxCpltCallback	16	static
../Core/Src/main.c:179:6:HAL_UART_RxCpltCallback	16	static
../Core/Src/main.c:188:6:HAL_UART_ErrorCallback	16	static
../Core/Src/main.c:197:6:dead_mans_switch_activated	8	static
../Core/Src/main.c:210:6:dead_mans_switch_update_led	16	static
../Core/Src/main.c:222:6:setup_mpu	48	static
../Core/Src/main.c:237:9:get_accelerometer_data	208	static
../Core/Src/main.c:326:5:main	1064	static
../Core/Src/main.c:691:6:SystemClock_Config	88	static
../Core/Src/main.c:735:13:MX_I2C2_Init	8	static
../Core/Src/main.c:769:13:MX_TIM1_Init	32	static
../Core/Src/main.c:815:13:MX_TIM2_Init	32	static
../Core/Src/main.c:860:13:MX_USART2_UART_Init	8	static
../Core/Src/main.c:893:13:MX_USART3_UART_Init	8	static
../Core/Src/main.c:926:13:MX_GPIO_Init	48	static
../Core/Src/main.c:965:6:Error_Handler	4	static,ignoring_inline_asm
