10:26:59 **** Incremental Build of configuration Debug for project UniController-OnBoard ****
make -j8 all 
arm-none-eabi-gcc "../Core/Src/main.c" -mcpu=cortex-m4 -std=gnu11 -g3 -DDEBUG -DUSE_HAL_DRIVER -DSTM32F405xx -c -I../Core/Inc -I../Drivers/STM32F4xx_HAL_Driver/Inc -I../Drivers/STM32F4xx_HAL_Driver/Inc/Legacy -I../Drivers/CMSIS/Device/ST/STM32F4xx/Include -I../Drivers/CMSIS/Include -I../USB_DEVICE/App -I../USB_DEVICE/Target -I../Middlewares/ST/STM32_USB_Device_Library/Core/Inc -I../Middlewares/ST/STM32_USB_Device_Library/Class/CDC/Inc -O0 -ffunction-sections -fdata-sections -Wall -fstack-usage -fcyclomatic-complexity -MMD -MP -MF"Core/Src/main.d" -MT"Core/Src/main.o" --specs=nano.specs -mfpu=fpv4-sp-d16 -mfloat-abi=hard -mthumb -o "Core/Src/main.o"
../Core/Src/main.c: In function 'get_accelerometer_data':
../Core/Src/main.c:271:11: warning: unused variable 'ay_adj' [-Wunused-variable]
  271 |     float ay_adj = (ay - ay_mid) / ay_range * 9.82;
      |           ^~~~~~
../Core/Src/main.c:270:11: warning: unused variable 'az_adj' [-Wunused-variable]
  270 |     float az_adj = (az - az_mid) / az_range * 9.82;
      |           ^~~~~~
../Core/Src/main.c: In function 'main':
../Core/Src/main.c:550:10: warning: variable 'current_out_pitch' set but not used [-Wunused-but-set-variable]
  550 |    float current_out_pitch, current_out_roll;
      |          ^~~~~~~~~~~~~~~~~
arm-none-eabi-gcc -o "UniController-OnBoard.elf" @"objects.list"   -mcpu=cortex-m4 -T"/home/andreas/School-local/Kandidatarbete/autonomous_unicycle/STM32/UniController-OnBoard/STM32F405RGTX_FLASH.ld" --specs=nosys.specs -Wl,-Map="UniController-OnBoard.map" -Wl,--gc-sections -static --specs=nano.specs -mfpu=fpv4-sp-d16 -mfloat-abi=hard -mthumb -u _printf_float -Wl,--start-group -lc -lm -Wl,--end-group
Finished building target: UniController-OnBoard.elf
 
arm-none-eabi-size   UniController-OnBoard.elf 
arm-none-eabi-objdump -h -S  UniController-OnBoard.elf  > "UniController-OnBoard.list"
   text	   data	    bss	    dec	    hex	filename
  70612	    908	  46204	 117724	  1cbdc	UniController-OnBoard.elf
Finished building: default.size.stdout
 
Finished building: UniController-OnBoard.list
 

10:26:59 Build Finished. 0 errors, 3 warnings. (took 465ms)

